
> climate-iq-frontend@1.0.0 test
> vitest run --coverage

node.exe : [33mThe CJS build of Vite's Node API is deprecated. See 
https://vite.dev/guide/troubleshooting.html#vite-cjs-node-api-deprecated for more details.[39m
At line:1 char:1
+ & "C:\Program Files\nodejs/node.exe" "C:\Program Files\nodejs/node_mo ...
+ ~~~~~~~~~~~~~~~~~~~~~~~~~~~~~~~~~~~~~~~~~~~~~~~~~~~~~~~~~~~~~~~~~~~~~
    + CategoryInfo          : NotSpecified: ([33mThe CJS bu...e details.[39m:String) [], RemoteException
    + FullyQualifiedErrorId : NativeCommandError
 
(node:3068) [MODULE_TYPELESS_PACKAGE_JSON] Warning: Module type of 
file:///C:/Users/nikhi/Downloads/temp2/carbon-platform/frontend/postcss.config.js is not specified and it doesn't 
parse as CommonJS.
Reparsing as ES module because module syntax was detected. This incurs a performance overhead.
To eliminate this warning, add "type": "module" to 
\\?\C:\Users\nikhi\Downloads\temp2\carbon-platform\frontend\package.json.
(Use `node --trace-warnings ...` to show where the warning was created)

[7m[1m[36m RUN [39m[22m[27m [36mv1.6.1[39m [90mC:/Users/nikhi/Downloads/temp2/carbon-platform/frontend[39m
[2m      Coverage enabled with [22m[33mv8[39m

 [32mΓ£ô[39m tests/api.test.ts [2m ([22m[2m11 tests[22m[2m)[22m[90m 22[2mms[22m[39m
 [33mΓ¥»[39m tests/InsightsList.test.tsx [2m ([22m[2m10 tests[22m [2m|[22m [31m2 failed[39m[2m)[22m[33m 449[2mms[22m[39m
[31m   [33mΓ¥»[31m tests/InsightsList.test.tsx[2m > [22mInsightsList[2m > [22mshows Gemini badge when source is gemini[39m
[31m     ΓåÆ Unable to find an element with the text: /powered by google gemini ai/i. This could be because the text is broken up by multiple elements. In this case, you can provide a function for your text matcher to make your matcher more flexible.

Ignored nodes: comments, script, style
[36m<body>[31m
  [36m<div>[31m
    [36m<section[31m
      [33maria-atomic[31m=[32m"false"[31m
      [33maria-labelledby[31m=[32m"insights-heading"[31m
      [33maria-live[31m=[32m"polite"[31m
      [33mclass[31m=[32m"space-y-5 animate-slide-up"[31m
    [36m>[31m
      [36m<div[31m
        [33mclass[31m=[32m"vercel-card p-6"[31m
      [36m>[31m
        [36m<div[31m
          [33mclass[31m=[32m"flex items-start justify-between flex-wrap gap-3"[31m
        [36m>[31m
          [36m<div>[31m
            [36m<h2[31m
              [33mclass[31m=[32m"text-lg font-semibold text-slate-100 mb-1 tracking-tight"[31m
              [33mid[31m=[32m"insights-heading"[31m
            [36m>[31m
              [0mYour Personalised Reduction Plan[0m
            [36m</h2>[31m
            [36m<p[31m
              [33mclass[31m=[32m"text-sm text-slate-400"[31m
            [36m>[31m
              [0mTargeting top emission sources with calculated reduction strategies.[0m
            [36m</p>[31m
          [36m</div>[31m
          [36m<span[31m
            [33maria-label[31m=[32m"Insights powered by Google Gemini AI"[31m
            [33mclass[31m=[32m"
                inline-flex items-center gap-1.5 text-[10px] font-semibold uppercase tracking-wider
                bg-secondary-500/10 text-secondary-400 border border-secondary-500/20
                px-3 py-1.5 rounded-md
              "[31m
          [36m>[31m
            [36m<span[31m
              [33maria-hidden[31m=[32m"true"[31m
              [33mclass[31m=[32m"text-secondary-300"[31m
            [36m>[31m
              [0mΓÜí[0m
            [36m</span>[31m
            [0mAI Generated[0m
          [36m</span>[31m
        [36m</div>[31m
        [36m<div[31m
          [33maria-label[31m=[32m"Total potential annual saving: 1.9t CO2e"[31m
          [33mclass[31m=[32m"mt-5 pt-5 border-t border-slate-800/60 flex items-center gap-4"[31m
        [36m>[31m
          [36m<div[31m
            [33mclass[31m=[32m"text-3xl font-black text-primary-400 tabular-nums"[31m
          [36m>[31m
            [0m1.9t[0m
          [36m</div>[31m
          [36m<div>[31m
            [36m<p[31m
              [33mclass[31m=[32m"text-sm font-medium text-slate-300"[31m
            [36m>[31m
              [0mTotal potential annual saving[0m
            [36m</p>[31m
            [36m<p[31m
              [33mclass[31m=[32m"text-xs text-slate-500"[31m
            [36m>[31m
              [0mAssuming full implementation[0m
            [36m</p>[31m
          [36m</div>[31m
        [36m</div>[31m
      [36m</div>[31m
      [36m<ol[31m
        [33maria-label[31m=[32m"Personalized carbon reduction insights, ordered by priority"[31m
        [33mclass[31m=[32m"grid grid-cols-1 md:grid-cols-3 gap-4 list-none"[31m
      [36m>[31m
        [36m<li[31m
          [33mclass[31m=[32m"flex"[31m
        [36m>[31m
          [36m<article[31m
            [33maria-label[31m=[32m"Insight 1: Transport ΓÇö Switch to public transport for your daily commute."[31m
            [33mclass[31m=[32m"
        vercel-panel p-5 w-full flex flex-col h-full
        hover:shadow-vercel hover:-translate-y-0.5 hover:border-slate-700 transition-all duration-300
        animate-fade-in group
      "[31m
          [36m>[31m
            [36m<div[31m
              [33mclass[31m=[32m"flex items-start gap-4"[31m
            [36m>[31m
              [36m<div[31m
                [33mclass[31m=[32m"flex-shrink-0 flex flex-col items-center gap-1"[31m
              [36m>[31m
                [36m<span[31m
                  [33maria-label[31m=[32m"Priority 1"[31m
                  [33mclass[31m=[32m"
              bg-primary-600 text-white text-[10px] font-black tracking-widest
              w-7 h-7 rounded-md flex items-center justify-center
              shadow-[0_0_8px_rgba(16,185,129,0.3)]
            "[31m
                [36m>[31m
                  [0m1[0m
                [36m</span>[31m
              [36m</div>[31m
              [36m<div[31m
                [33mclass[31m=[32m"flex-1 min-w-0"[31m
              [36m>[31m
                [36m<div[31m
                  [33mclass[31m=[32m"flex items-center gap-2 mb-2"[31m
                [36m>[31m
                  [36m<span[31m
                    [33maria-hidden[31m=[32m"true"[31m
                    [33mclass[31m=[32m"text-xl opacity-80"[31m
                  [36m>[31m
                    [0m≡ƒÜù[0m
                  [36m</span>[31m
                  [36m<span[31m
                    [33mclass[31m=[32m"text-[10px] font-bold text-slate-400 uppercase tracking-[0.15em]"[31m
                  [36m>[31m
                    [0mTransport[0m
                  [36m</span>[31m
                [36m</div>[31m
                [36m<p[31m
                  [33mclass[31m=[32m"text-sm text-slate-200 leading-relaxed mb-4 flex-1"[31m
                [36m>[31m
                  [0mSwitch to public transport for your daily commute.[0m
                [36m</p>[31m
                [36m<div[31m
                  [33mclass[31m=[32m"flex flex-wrap items-center gap-2 mt-auto pt-4 border-t border-slate-800/50"[31m
                [36m>[31m
                  [36m<div[31m
                    [33mclass[31m=[32m"flex items-center gap-1.5 bg-primary-500/10 border border-primary-500/20 text-primary-300 rounded-[6px] px-2.5 py-1"[31m
                  [36m>[31m
                    [36m<span[31m
                      [33maria-hidden[31m=[32m"true"[31m
                      [33mclass[31m=[32m"text-[10px]"[31m
                    [36m>[31m
                      [0mΓùÅ[0m
                    [36m</span>[31m
                    [36m<span[31m
                      [33mclass[31m=[32m"text-xs font-medium tracking-wide"[31m
                    [36m>[31m
                      [0m~[0m
                      [0m1.2t[0m
                      [0m [0m
                      [36m<span[31m
                        [33mclass[31m=[32m"opacity-70"[31m
                      [36m>[31m
                        [0mCOΓéée[0m
                      [36m</span>[31m
                    [36m</span>[31m
                  [36m</div>[31m
                  [36m<div[31m
                    [33mclass[31m=[32m"flex items-center gap-1.5 bg-slate-800/50 border border-slate-700/50 text-slate-400 rounded-[6px] px-2.5 py-1"[31m
                  [36m>[31m
                    [36m<span[31m
                      [33maria-hidden[31m=[32m"true"[31m
                      [33mclass[31m=[32m"text-[10px]"[31m
                    [36m>[31m
                      [0mΓÅ▒[0m
                    [36m</span>[31m
                    [36m<span[31m
                      [33mclass[31m=[32m"text-xs font-medium"[31m
                    [36m>[31m
                      [0mAchievable within 30 days[0m
                    [36m</span>[31m
                  [36m</div>[31m
                [36m</div>[31m
              [36m</div>[31m
            [36m</div>[31m
          [36m</article>[31m
        [36m</li>[31m
        [36m<li[31m
          [33mclass[31m=[32m"flex"[31m
        [36m>[31m
          [36m<article[31m
            [33maria-label[31m=[32m"Insight 2: Diet ΓÇö Try 2 plant-based days per week."[31m
            [33mclass[31m=[32m"
        vercel-panel p-5 w-full flex flex-col h-full
        hover:shadow-vercel hover:-translate-y-0.5 hover:border-slate-700 transition-all duration-300
        animate-fade-in group
      "[31m
          [36m>[31m
            [36m<div[31m
              [33mclass[31m=[32m"flex items-start gap-4"[31m
            [36m>[31m
              [36m<div[31m
                [33mclass[31m=[32m"flex-shrink-0 flex flex-col items-center gap-1"[31m
              [36m>[31m
                [36m<span[31m
                  [33maria-label[31m=[32m"Priority 2"[31m
                  [33mclass[31m=[32m"
              bg-primary-500 text-white text-[10px] font-black tracking-widest
              w-7 h-7 rounded-md flex items-center justify-center
              shadow-[0_0_8px_rgba(16,185,129,0.3)]
            "[31m
                [36m>[31m
                  [0m2[0m
                [36m</span>[31m
              [36m</div>[31m
              [36m<div[31m
                [33mclass[31m=[32m"flex-1 min-w-0"[31m
              [36m>[31m
                [36m<div[31m
                  [33mclass[31m=[32m"flex items-center gap-2 mb-2"[31m
                [36m>[31m
                  [36m<span[31m
                    [33maria-hidden[31m=[32m"true"[31m
                    [33mclass[31m=[32m"text-xl opacity-80"[31m
                  [36m>[31m
                    [0m≡ƒÑù[0m
                  [36m</span>[31m
                  [36m<span[31m
                    [33mclass[31m=[32m"text-[10px] font-bold text-slate-400 uppercase tracking-[0.15em]"[31m
                  [36m>[31m
                    [0mDiet[0m
                  [36m</span>[31m
                [36m</div>[31m
                [36m<p[31m
                  [33mclass[31m=[32m"text-sm text-slate-200 leading-relaxed mb-4 flex-1"[31m
                [36m>[31m
                  [0mTry 2 plant-based days per week.[0m
                [36m</p>[31m
                [36m<div[31m
                  [33mclass[31m=[32m"flex flex-wrap items-center gap-2 mt-auto pt-4 border-t border-slate-800/50"[31m
                [36m>[31m
                  [36m<div[31m
                    [33mclass[31m=[32m"flex items-center gap-1.5 bg-primary-500/10 border border-primary-500/20 text-primary-300 rounded-[6px] px-2.5 py-1"[31m
                  [36m>[31m
                    [36m<span[31m
                      [33maria-hidden[31m=[32m"true"[31m
                      [33mclass[31m=[32m"text-[10px]"[31m
                    [36m>[31m
                      [0mΓùÅ[0m
                    [36m</span>[31m
                    [36m<span[31m
                      [33mclass[31m=[32m"text-xs font-medium tracking-wide"[31m
                    [36m>[31m
                      [0m~[0m
                      [0m400 kg[0m
                      [0m [0m
                      [36m<span[31m
                        [33mclass[31m=[32m"opacity-70"[31m
                      [36m>[31m
                        [0mCOΓéée[0m
                      [36m</span>[31m
                    [36m</span>[31m
                  [36m</div>[31m
                  [36m<div[31m
                    [33mclass[31m=[32m"flex items-center gap-1.5 bg-slate-800/50 border border-slate-700/50 text-slate-400 rounded-[6px] px-2.5 py-1"[31m
                  [36m>[31m
                    [36m<span[31m
                      [33maria-hidden[31m=[32m"true"[31m
                      [33mclass[31m=[32m"text-[10px]"[31m
                    [36m>[31m
                      [0mΓÅ▒[0m
                    [36m</span>[31m
                    [36m<span[31m
                      [33mclass[31m=[32m"text-xs font-medium"[31m
                    [36m>[31m
                      [0mAchievable within 30 days[0m
                    [36m</span>[31m
                  [36m</div>[31m
                [36m</div>[31m
              [36m</div>[31m
            [36m</div>[31m
          [36m</article>[31m
        [36m</li>[31m
        [36m<li[31m
          [33mclass[31m=[32m"flex"[31m
        [36m>[31m
          [36m<article[31m
            [33maria-label[31m=[32m"Insight 3: Home Energy ΓÇö Install a smart thermostat."[31m
            [33mclass[31m=[32m"
        vercel-panel p-5 w-full flex flex-col h-full
        hover:shadow-vercel hover:-translate-y-0.5 hover:border-slate-700 transition-all duration-300
        animate-fade-in group
      "[31m
          [36m>[31m
            [36m<div[31m
              [33mclass[31m=[32m"flex items-start gap-4"[31m
            [36m>[31m
              [36m<div[31m
                [33mclass[31m=[32m"flex-shrink-0 flex flex-col items-center gap-1"[31m
              [36m>[31m
                [36m<span[31m
                  [33maria-label[31m=[32m"Priority 3"[31m
                  [33mclass[31m=[32m"
              bg-primary-400 text-white text-[10px] font-black tracking-widest
              w-7 h-7 rounded-md flex items-center justify-center
              shadow-[0_0_8px_rgba(16,185,129,0.3)]
            "[31m
                [36m>[31m
                  [0m3[0m
                [36m</span>[31m
              [36m</div>[31m
              [36m<div[31m
                [33mclass[31m=[32m"flex-1 min-w-0"[31m
              [36m>[31m
                [36m<div[31m
                  [33mclass[31m=[32m"flex items-center gap-2 mb-2"[31m
                [36m>[31m
                  [36m<span[31m
                    [33maria-hidden[31m=[32m"true"[31m
                    [33mclass[31m=[32m"text-xl opacity-80"[31m
                  [36m>[31m
                    [0m≡ƒÅá[0m
                  [36m</span>[31m
                  [36m<span[31m
                    [33mclass[31m=[32m"text-[10px] font-bold text-slate-400 uppercase tracking-[0.15em]"[31m
                  [36m>[31m
                    [0mHome Energy[0m
                  [36m</span>[31m
                [36m</div>[31m
                [36m<p[31m
                  [33mclass[31m=[32m"text-sm text-slate-200 leading-relaxed mb-4 flex-1"[31m
                [36m>[31m
                  [0mInstall a smart thermostat.[0m
                [36m</p>[31m
                [36m<div[31m
                  [33mclass[31m=[32m"flex flex-wrap items-center gap-2 mt-auto pt-4 border-t border-slate-800/50"[31m
                [36m>[31m
                  [36m<div[31m
                    [33mclass[31m=[32m"flex items-center gap-1.5 bg-primary-500/10 border border-primary-500/20 text-primary-300 rounded-[6px] px-2.5 py-1"[31m
                  [36m>[31m
                    [36m<span[31m
                      [33maria-hidden[31m=[32m"true"[31m
                      [33mclass[31m=[32m"text-[10px]"[31m
                    [36m>[31m
                      [0mΓùÅ[0m
                    [36m</span>[31m
                    [36m<span[31m
                      [33mclass[31m=[32m"text-xs font-medium tracking-wide"[31m
                    [36m>[31m
                      [0m~[0m
                      [0m260 kg[0m
                      [0m [0m
                      [36m<span[31m
                        [33mclass[31m=[32m"opacity-70"[31m
                      [36m>[31m
                        [0mCOΓéée[0m
                      [36m</span>[31m
                    [36m</span>[31m
                  [36m</div>[31m
                  [36m<div[31m
                    [33mclass[31m=[32m"flex items-center gap-1.5 bg-slate-800/50 border border-slate-700/50 text-slate-400 rounded-[6px] px-2.5 py-1"[31m
                  [36m>[31m
                    [36m<span[31m
                      [33maria-hidden[31m=[32m"true"[31m
                      [33mclass[31m=[32m"text-[10px]"[31m
                    [36m>[31m
                      [0mΓÅ▒[0m
                    [36m</span>[31m
                    [36m<span[31m
                      [33mclass[31m=[32m"text-xs font-medium"[31m
                    [36m>[31m
                      [0mAchievable within 30 days[0m
                    [36m</span>[31m
                  [36m</div>[31m
                [36m</div>[31m
              [36m</div>[31m
            [36m</div>[31m
          [36m</article>[31m
        [36m</li>[31m
      [36m</ol>[31m
      [36m<div[31m
        [33mclass[31m=[32m"flex justify-center pt-6"[31m
      [36m>[31m
        [36m<button[31m
          [33maria-label[31m=[32m"Save this carbon footprint snapshot to your history"[31m
          [33mclass[31m=[32m"
            flex items-center gap-2 text-sm text-slate-300 border border-slate-700 bg-slate-900/50
            px-6 py-2.5 rounded-[10px] hover:bg-slate-800 hover:text-slate-100 hover:border-slate-600
            focus:outline-none focus:ring-2 focus:ring-primary-500 focus:ring-offset-2 focus:ring-offset-slate-950
            transition-all duration-200
          "[31m
        [36m>[31m
          [36m<span[31m
            [33maria-hidden[31m=[32m"true"[31m
            [33mclass[31m=[32m"text-primary-400"[31m
          [36m>[31m
            [0mΓùÅ[0m
          [36m</span>[31m
          [0mCommit to History[0m
        [36m</button>[31m
      [36m</div>[31m
    [36m</section>[31m
  [36m</div>[31m
[36m</body>[31m[39m
[31m   [33mΓ¥»[31m tests/InsightsList.test.tsx[2m > [22mInsightsList[2m > [22mshows rule-based badge when source is rules[39m
[31m     ΓåÆ Unable to find an element with the text: /rule-based insights/i. This could be because the text is broken up by multiple elements. In this case, you can provide a function for your text matcher to make your matcher more flexible.

Ignored nodes: comments, script, style
[36m<body>[31m
  [36m<div>[31m
    [36m<section[31m
      [33maria-atomic[31m=[32m"false"[31m
      [33maria-labelledby[31m=[32m"insights-heading"[31m
      [33maria-live[31m=[32m"polite"[31m
      [33mclass[31m=[32m"space-y-5 animate-slide-up"[31m
    [36m>[31m
      [36m<div[31m
        [33mclass[31m=[32m"vercel-card p-6"[31m
      [36m>[31m
        [36m<div[31m
          [33mclass[31m=[32m"flex items-start justify-between flex-wrap gap-3"[31m
        [36m>[31m
          [36m<div>[31m
            [36m<h2[31m
              [33mclass[31m=[32m"text-lg font-semibold text-slate-100 mb-1 tracking-tight"[31m
              [33mid[31m=[32m"insights-heading"[31m
            [36m>[31m
              [0mYour Personalised Reduction Plan[0m
            [36m</h2>[31m
            [36m<p[31m
              [33mclass[31m=[32m"text-sm text-slate-400"[31m
            [36m>[31m
              [0mTargeting top emission sources with calculated reduction strategies.[0m
            [36m</p>[31m
          [36m</div>[31m
          [36m<span[31m
            [33maria-label[31m=[32m"Insights generated by rule-based engine (Gemini AI unavailable)"[31m
            [33mclass[31m=[32m"
                inline-flex items-center gap-1.5 text-[10px] font-semibold uppercase tracking-wider
                bg-slate-800 text-slate-400 border border-slate-700
                px-3 py-1.5 rounded-md
              "[31m
          [36m>[31m
            [36m<span[31m
              [33maria-hidden[31m=[32m"true"[31m
            [36m>[31m
              [0m≡ƒöº[0m
            [36m</span>[31m
            [0mHeuristics[0m
          [36m</span>[31m
        [36m</div>[31m
        [36m<div[31m
          [33maria-label[31m=[32m"Total potential annual saving: 1.9t CO2e"[31m
          [33mclass[31m=[32m"mt-5 pt-5 border-t border-slate-800/60 flex items-center gap-4"[31m
        [36m>[31m
          [36m<div[31m
            [33mclass[31m=[32m"text-3xl font-black text-primary-400 tabular-nums"[31m
          [36m>[31m
            [0m1.9t[0m
          [36m</div>[31m
          [36m<div>[31m
            [36m<p[31m
              [33mclass[31m=[32m"text-sm font-medium text-slate-300"[31m
            [36m>[31m
              [0mTotal potential annual saving[0m
            [36m</p>[31m
            [36m<p[31m
              [33mclass[31m=[32m"text-xs text-slate-500"[31m
            [36m>[31m
              [0mAssuming full implementation[0m
            [36m</p>[31m
          [36m</div>[31m
        [36m</div>[31m
      [36m</div>[31m
      [36m<ol[31m
        [33maria-label[31m=[32m"Personalized carbon reduction insights, ordered by priority"[31m
        [33mclass[31m=[32m"grid grid-cols-1 md:grid-cols-3 gap-4 list-none"[31m
      [36m>[31m
        [36m<li[31m
          [33mclass[31m=[32m"flex"[31m
        [36m>[31m
          [36m<article[31m
            [33maria-label[31m=[32m"Insight 1: Transport ΓÇö Switch to public transport for your daily commute."[31m
            [33mclass[31m=[32m"
        vercel-panel p-5 w-full flex flex-col h-full
        hover:shadow-vercel hover:-translate-y-0.5 hover:border-slate-700 transition-all duration-300
        animate-fade-in group
      "[31m
          [36m>[31m
            [36m<div[31m
              [33mclass[31m=[32m"flex items-start gap-4"[31m
            [36m>[31m
              [36m<div[31m
                [33mclass[31m=[32m"flex-shrink-0 flex flex-col items-center gap-1"[31m
              [36m>[31m
                [36m<span[31m
                  [33maria-label[31m=[32m"Priority 1"[31m
                  [33mclass[31m=[32m"
              bg-primary-600 text-white text-[10px] font-black tracking-widest
              w-7 h-7 rounded-md flex items-center justify-center
              shadow-[0_0_8px_rgba(16,185,129,0.3)]
            "[31m
                [36m>[31m
                  [0m1[0m
                [36m</span>[31m
              [36m</div>[31m
              [36m<div[31m
                [33mclass[31m=[32m"flex-1 min-w-0"[31m
              [36m>[31m
                [36m<div[31m
                  [33mclass[31m=[32m"flex items-center gap-2 mb-2"[31m
                [36m>[31m
                  [36m<span[31m
                    [33maria-hidden[31m=[32m"true"[31m
                    [33mclass[31m=[32m"text-xl opacity-80"[31m
                  [36m>[31m
                    [0m≡ƒÜù[0m
                  [36m</span>[31m
                  [36m<span[31m
                    [33mclass[31m=[32m"text-[10px] font-bold text-slate-400 uppercase tracking-[0.15em]"[31m
                  [36m>[31m
                    [0mTransport[0m
                  [36m</span>[31m
                [36m</div>[31m
                [36m<p[31m
                  [33mclass[31m=[32m"text-sm text-slate-200 leading-relaxed mb-4 flex-1"[31m
                [36m>[31m
                  [0mSwitch to public transport for your daily commute.[0m
                [36m</p>[31m
                [36m<div[31m
                  [33mclass[31m=[32m"flex flex-wrap items-center gap-2 mt-auto pt-4 border-t border-slate-800/50"[31m
                [36m>[31m
                  [36m<div[31m
                    [33mclass[31m=[32m"flex items-center gap-1.5 bg-primary-500/10 border border-primary-500/20 text-primary-300 rounded-[6px] px-2.5 py-1"[31m
                  [36m>[31m
                    [36m<span[31m
                      [33maria-hidden[31m=[32m"true"[31m
                      [33mclass[31m=[32m"text-[10px]"[31m
                    [36m>[31m
                      [0mΓùÅ[0m
                    [36m</span>[31m
                    [36m<span[31m
                      [33mclass[31m=[32m"text-xs font-medium tracking-wide"[31m
                    [36m>[31m
                      [0m~[0m
                      [0m1.2t[0m
                      [0m [0m
                      [36m<span[31m
                        [33mclass[31m=[32m"opacity-70"[31m
                      [36m>[31m
                        [0mCOΓéée[0m
                      [36m</span>[31m
                    [36m</span>[31m
                  [36m</div>[31m
                  [36m<div[31m
                    [33mclass[31m=[32m"flex items-center gap-1.5 bg-slate-800/50 border border-slate-700/50 text-slate-400 rounded-[6px] px-2.5 py-1"[31m
                  [36m>[31m
                    [36m<span[31m
                      [33maria-hidden[31m=[32m"true"[31m
                      [33mclass[31m=[32m"text-[10px]"[31m
                    [36m>[31m
                      [0mΓÅ▒[0m
                    [36m</span>[31m
                    [36m<span[31m
                      [33mclass[31m=[32m"text-xs font-medium"[31m
                    [36m>[31m
                      [0mAchievable within 30 days[0m
                    [36m</span>[31m
                  [36m</div>[31m
                [36m</div>[31m
              [36m</div>[31m
            [36m</div>[31m
          [36m</article>[31m
        [36m</li>[31m
        [36m<li[31m
          [33mclass[31m=[32m"flex"[31m
        [36m>[31m
          [36m<article[31m
            [33maria-label[31m=[32m"Insight 2: Diet ΓÇö Try 2 plant-based days per week."[31m
            [33mclass[31m=[32m"
        vercel-panel p-5 w-full flex flex-col h-full
        hover:shadow-vercel hover:-translate-y-0.5 hover:border-slate-700 transition-all duration-300
        animate-fade-in group
      "[31m
          [36m>[31m
            [36m<div[31m
              [33mclass[31m=[32m"flex items-start gap-4"[31m
            [36m>[31m
              [36m<div[31m
                [33mclass[31m=[32m"flex-shrink-0 flex flex-col items-center gap-1"[31m
              [36m>[31m
                [36m<span[31m
                  [33maria-label[31m=[32m"Priority 2"[31m
                  [33mclass[31m=[32m"
              bg-primary-500 text-white text-[10px] font-black tracking-widest
              w-7 h-7 rounded-md flex items-center justify-center
              shadow-[0_0_8px_rgba(16,185,129,0.3)]
            "[31m
                [36m>[31m
                  [0m2[0m
                [36m</span>[31m
              [36m</div>[31m
              [36m<div[31m
                [33mclass[31m=[32m"flex-1 min-w-0"[31m
              [36m>[31m
                [36m<div[31m
                  [33mclass[31m=[32m"flex items-center gap-2 mb-2"[31m
                [36m>[31m
                  [36m<span[31m
                    [33maria-hidden[31m=[32m"true"[31m
                    [33mclass[31m=[32m"text-xl opacity-80"[31m
                  [36m>[31m
                    [0m≡ƒÑù[0m
                  [36m</span>[31m
                  [36m<span[31m
                    [33mclass[31m=[32m"text-[10px] font-bold text-slate-400 uppercase tracking-[0.15em]"[31m
                  [36m>[31m
                    [0mDiet[0m
                  [36m</span>[31m
                [36m</div>[31m
                [36m<p[31m
                  [33mclass[31m=[32m"text-sm text-slate-200 leading-relaxed mb-4 flex-1"[31m
                [36m>[31m
                  [0mTry 2 plant-based days per week.[0m
                [36m</p>[31m
                [36m<div[31m
                  [33mclass[31m=[32m"flex flex-wrap items-center gap-2 mt-auto pt-4 border-t border-slate-800/50"[31m
                [36m>[31m
                  [36m<div[31m
                    [33mclass[31m=[32m"flex items-center gap-1.5 bg-primary-500/10 border border-primary-500/20 text-primary-300 rounded-[6px] px-2.5 py-1"[31m
                  [36m>[31m
                    [36m<span[31m
                      [33maria-hidden[31m=[32m"true"[31m
                      [33mclass[31m=[32m"text-[10px]"[31m
                    [36m>[31m
                      [0mΓùÅ[0m
                    [36m</span>[31m
                    [36m<span[31m
                      [33mclass[31m=[32m"text-xs font-medium tracking-wide"[31m
                    [36m>[31m
                      [0m~[0m
                      [0m400 kg[0m
                      [0m [0m
                      [36m<span[31m
                        [33mclass[31m=[32m"opacity-70"[31m
                      [36m>[31m
                        [0mCOΓéée[0m
                      [36m</span>[31m
                    [36m</span>[31m
                  [36m</div>[31m
                  [36m<div[31m
                    [33mclass[31m=[32m"flex items-center gap-1.5 bg-slate-800/50 border border-slate-700/50 text-slate-400 rounded-[6px] px-2.5 py-1"[31m
                  [36m>[31m
                    [36m<span[31m
                      [33maria-hidden[31m=[32m"true"[31m
                      [33mclass[31m=[32m"text-[10px]"[31m
                    [36m>[31m
                      [0mΓÅ▒[0m
                    [36m</span>[31m
                    [36m<span[31m
                      [33mclass[31m=[32m"text-xs font-medium"[31m
                    [36m>[31m
                      [0mAchievable within 30 days[0m
                    [36m</span>[31m
                  [36m</div>[31m
                [36m</div>[31m
              [36m</div>[31m
            [36m</div>[31m
          [36m</article>[31m
        [36m</li>[31m
        [36m<li[31m
          [33mclass[31m=[32m"flex"[31m
        [36m>[31m
          [36m<article[31m
            [33maria-label[31m=[32m"Insight 3: Home Energy ΓÇö Install a smart thermostat."[31m
            [33mclass[31m=[32m"
        vercel-panel p-5 w-full flex flex-col h-full
        hover:shadow-vercel hover:-translate-y-0.5 hover:border-slate-700 transition-all duration-300
        animate-fade-in group
      "[31m
          [36m>[31m
            [36m<div[31m
              [33mclass[31m=[32m"flex items-start gap-4"[31m
            [36m>[31m
              [36m<div[31m
                [33mclass[31m=[32m"flex-shrink-0 flex flex-col items-center gap-1"[31m
              [36m>[31m
                [36m<span[31m
                  [33maria-label[31m=[32m"Priority 3"[31m
                  [33mclass[31m=[32m"
              bg-primary-400 text-white text-[10px] font-black tracking-widest
              w-7 h-7 rounded-md flex items-center justify-center
              shadow-[0_0_8px_rgba(16,185,129,0.3)]
            "[31m
                [36m>[31m
                  [0m3[0m
                [36m</span>[31m
              [36m</div>[31m
              [36m<div[31m
                [33mclass[31m=[32m"flex-1 min-w-0"[31m
              [36m>[31m
                [36m<div[31m
                  [33mclass[31m=[32m"flex items-center gap-2 mb-2"[31m
                [36m>[31m
                  [36m<span[31m
                    [33maria-hidden[31m=[32m"true"[31m
                    [33mclass[31m=[32m"text-xl opacity-80"[31m
                  [36m>[31m
                    [0m≡ƒÅá[0m
                  [36m</span>[31m
                  [36m<span[31m
                    [33mclass[31m=[32m"text-[10px] font-bold text-slate-400 uppercase tracking-[0.15em]"[31m
                  [36m>[31m
                    [0mHome Energy[0m
                  [36m</span>[31m
                [36m</div>[31m
                [36m<p[31m
                  [33mclass[31m=[32m"text-sm text-slate-200 leading-relaxed mb-4 flex-1"[31m
                [36m>[31m
                  [0mInstall a smart thermostat.[0m
                [36m</p>[31m
                [36m<div[31m
                  [33mclass[31m=[32m"flex flex-wrap items-center gap-2 mt-auto pt-4 border-t border-slate-800/50"[31m
                [36m>[31m
                  [36m<div[31m
                    [33mclass[31m=[32m"flex items-center gap-1.5 bg-primary-500/10 border border-primary-500/20 text-primary-300 rounded-[6px] px-2.5 py-1"[31m
                  [36m>[31m
                    [36m<span[31m
                      [33maria-hidden[31m=[32m"true"[31m
                      [33mclass[31m=[32m"text-[10px]"[31m
                    [36m>[31m
                      [0mΓùÅ[0m
                    [36m</span>[31m
                    [36m<span[31m
                      [33mclass[31m=[32m"text-xs font-medium tracking-wide"[31m
                    [36m>[31m
                      [0m~[0m
                      [0m260 kg[0m
                      [0m [0m
                      [36m<span[31m
                        [33mclass[31m=[32m"opacity-70"[31m
                      [36m>[31m
                        [0mCOΓéée[0m
                      [36m</span>[31m
                    [36m</span>[31m
                  [36m</div>[31m
                  [36m<div[31m
                    [33mclass[31m=[32m"flex items-center gap-1.5 bg-slate-800/50 border border-slate-700/50 text-slate-400 rounded-[6px] px-2.5 py-1"[31m
                  [36m>[31m
                    [36m<span[31m
                      [33maria-hidden[31m=[32m"true"[31m
                      [33mclass[31m=[32m"text-[10px]"[31m
                    [36m>[31m
                      [0mΓÅ▒[0m
                    [36m</span>[31m
                    [36m<span[31m
                      [33mclass[31m=[32m"text-xs font-medium"[31m
                    [36m>[31m
                      [0mAchievable within 30 days[0m
                    [36m</span>[31m
                  [36m</div>[31m
                [36m</div>[31m
              [36m</div>[31m
            [36m</div>[31m
          [36m</article>[31m
        [36m</li>[31m
      [36m</ol>[31m
      [36m<div[31m
        [33mclass[31m=[32m"flex justify-center pt-6"[31m
      [36m>[31m
        [36m<button[31m
          [33maria-label[31m=[32m"Save this carbon footprint snapshot to your history"[31m
          [33mclass[31m=[32m"
            flex items-center gap-2 text-sm text-slate-300 border border-slate-700 bg-slate-900/50
            px-6 py-2.5 rounded-[10px] hover:bg-slate-800 hover:text-slate-100 hover:border-slate-600
            focus:outline-none focus:ring-2 focus:ring-primary-500 focus:ring-offset-2 focus:ring-offset-slate-950
            transition-all duration-200
          "[31m
        [36m>[31m
          [36m<span[31m
            [33maria-hidden[31m=[32m"true"[31m
            [33mclass[31m=[32m"text-primary-400"[31m
          [36m>[31m
            [0mΓùÅ[0m
          [36m</span>[31m
          [0mCommit to History[0m
        [36m</button>[31m
      [36m</div>[31m
    [36m</section>[31m
  [36m</div>[31m
[36m</body>[31m[39m
 [32mΓ£ô[39m tests/CarbonForm.test.tsx [2m ([22m[2m12 tests[22m[2m)[22m[33m 851[2mms[22m[39m
 [32mΓ£ô[39m tests/HistoryComponents.test.tsx [2m ([22m[2m6 tests[22m[2m)[22m[33m 1182[2mms[22m[39m
[90mstderr[2m | tests/ResultsDisplay.test.tsx[2m > [22m[2mResultsDisplay[2m > [22m[2mrenders the results 
heading[22m[39m
The width(0) and height(0) of chart should be greater than 0,
       please check the style of container, or the props width(100%) and height(100%),
       or add a minWidth(0) or minHeight(undefined) or use aspect(undefined) to control the
       height and width.

[90mstderr[2m | tests/ResultsDisplay.test.tsx[2m > [22m[2mResultsDisplay[2m > [22m[2mrenders the total 
footprint value[22m[39m
The width(0) and height(0) of chart should be greater than 0,
       please check the style of container, or the props width(100%) and height(100%),
       or add a minWidth(0) or minHeight(undefined) or use aspect(undefined) to control the
       height and width.

[90mstderr[2m | tests/ResultsDisplay.test.tsx[2m > [22m[2mResultsDisplay[2m > [22m[2mrenders comparison to 
global average[22m[39m
The width(0) and height(0) of chart should be greater than 0,
       please check the style of container, or the props width(100%) and height(100%),
       or add a minWidth(0) or minHeight(undefined) or use aspect(undefined) to control the
       height and width.

[90mstderr[2m | tests/ResultsDisplay.test.tsx[2m > [22m[2mResultsDisplay[2m > [22m[2mrenders comparison to 
Paris target[22m[39m
The width(0) and height(0) of chart should be greater than 0,
       please check the style of container, or the props width(100%) and height(100%),
       or add a minWidth(0) or minHeight(undefined) or use aspect(undefined) to control the
       height and width.

[90mstderr[2m | tests/ResultsDisplay.test.tsx[2m > [22m[2mResultsDisplay[2m > [22m[2mglobal average 
progressbar has correct aria-valuenow[22m[39m
The width(0) and height(0) of chart should be greater than 0,
       please check the style of container, or the props width(100%) and height(100%),
       or add a minWidth(0) or minHeight(undefined) or use aspect(undefined) to control the
       height and width.

[90mstderr[2m | tests/ResultsDisplay.test.tsx[2m > [22m[2mResultsDisplay[2m > [22m[2mrenders CategoryChart 
section heading[22m[39m
The width(0) and height(0) of chart should be greater than 0,
       please check the style of container, or the props width(100%) and height(100%),
       or add a minWidth(0) or minHeight(undefined) or use aspect(undefined) to control the
       height and width.

[90mstderr[2m | tests/ResultsDisplay.test.tsx[2m > [22m[2mResultsDisplay[2m > [22m[2mrenders Get Personalised 
Insights button when no insights loaded[22m[39m
The width(0) and height(0) of chart should be greater than 0,
       please check the style of container, or the props width(100%) and height(100%),
       or add a minWidth(0) or minHeight(undefined) or use aspect(undefined) to control the
       height and width.

[90mstderr[2m | tests/ResultsDisplay.test.tsx[2m > [22m[2mResultsDisplay[2m > [22m[2mclicking Get Insights 
calls fetchInsights[22m[39m
The width(0) and height(0) of chart should be greater than 0,
       please check the style of container, or the props width(100%) and height(100%),
       or add a minWidth(0) or minHeight(undefined) or use aspect(undefined) to control the
       height and width.

[90mstderr[2m | tests/ResultsDisplay.test.tsx[2m > [22m[2mResultsDisplay[2m > [22m[2mdoes not render Get 
Insights button when insights already loaded[22m[39m
The width(0) and height(0) of chart should be greater than 0,
       please check the style of container, or the props width(100%) and height(100%),
       or add a minWidth(0) or minHeight(undefined) or use aspect(undefined) to control the
       height and width.

[90mstderr[2m | tests/ResultsDisplay.test.tsx[2m > [22m[2mResultsDisplay[2m > [22m[2msection has 
aria-live="polite"[22m[39m
The width(0) and height(0) of chart should be greater than 0,
       please check the style of container, or the props width(100%) and height(100%),
       or add a minWidth(0) or minHeight(undefined) or use aspect(undefined) to control the
       height and width.

[90mstderr[2m | tests/accessibility.test.tsx[2m > [22m[2mAccessibility ΓÇö CategoryChart[2m > [22m[2mhas no 
axe violations[22m[39m
The width(0) and height(0) of chart should be greater than 0,
       please check the style of container, or the props width(100%) and height(100%),
       or add a minWidth(0) or minHeight(undefined) or use aspect(undefined) to control the
       height and width.

 [33mΓ¥»[39m tests/ResultsDisplay.test.tsx [2m ([22m[2m10 tests[22m [2m|[22m [31m1 failed[39m[2m)[22m[33m 732[2mms[22m[39m
[31m   [33mΓ¥»[31m tests/ResultsDisplay.test.tsx[2m > [22mResultsDisplay[2m > [22mrenders CategoryChart section heading[39m
[31m     ΓåÆ Unable to find an accessible element with the role "heading" and name `/breakdown by category/i`

Here are the accessible roles:

  region:

  Name "Your Annual Carbon Footprint":
  [36m<section[31m
    [33maria-atomic[31m=[32m"true"[31m
    [33maria-labelledby[31m=[32m"results-heading"[31m
    [33maria-live[31m=[32m"polite"[31m
    [33mclass[31m=[32m"space-y-4 animate-slide-up"[31m
  [36m/>[31m

  --------------------------------------------------
  heading:

  Name "Your Annual Carbon Footprint":
  [36m<h2[31m
    [33mclass[31m=[32m"text-sm font-semibold text-slate-400 mb-4 tracking-[0.2em] uppercase"[31m
    [33mid[31m=[32m"results-heading"[31m
  [36m/>[31m

  Name "Benchmarks":
  [36m<h3[31m
    [33mclass[31m=[32m"text-sm font-semibold text-slate-300 flex items-center gap-2 tracking-wide uppercase"[31m
  [36m/>[31m

  Name "Category Analysis":
  [36m<h3[31m
    [33mclass[31m=[32m"text-sm font-semibold text-slate-300 mb-6 flex items-center gap-2 tracking-wide uppercase"[31m
  [36m/>[31m

  --------------------------------------------------
  progressbar:

  Name "vs Global Average: your footprint is 170% of the global average (4.0t/year)":
  [36m<div[31m
    [33maria-label[31m=[32m"vs Global Average: your footprint is 170% of the global average (4.0t/year)"[31m
    [33maria-valuemax[31m=[32m"200"[31m
    [33maria-valuemin[31m=[32m"0"[31m
    [33maria-valuenow[31m=[32m"170"[31m
    [33mclass[31m=[32m"relative w-full h-2 bg-slate-800 rounded-full overflow-hidden shadow-inner"[31m
    [33mid[31m=[32m"global-average-bar"[31m
    [33mrole[31m=[32m"progressbar"[31m
  [36m/>[31m

  Name "vs Paris 1.5┬░C Target: your footprint is 340% of the Paris climate target (2.0t/year)":
  [36m<div[31m
    [33maria-label[31m=[32m"vs Paris 1.5┬░C Target: your footprint is 340% of the Paris climate target (2.0t/year)"[31m
    [33maria-valuemax[31m=[32m"200"[31m
    [33maria-valuemin[31m=[32m"0"[31m
    [33maria-valuenow[31m=[32m"340"[31m
    [33mclass[31m=[32m"relative w-full h-2 bg-slate-800 rounded-full overflow-hidden shadow-inner"[31m
    [33mid[31m=[32m"paris-target-bar"[31m
    [33mrole[31m=[32m"progressbar"[31m
  [36m/>[31m

  --------------------------------------------------
  paragraph:

  Name "":
  [36m<p[31m
    [33mclass[31m=[32m"text-xs text-slate-400"[31m
  [36m/>[31m

  Name "":
  [36m<p[31m
    [33mclass[31m=[32m"text-xs text-slate-400"[31m
  [36m/>[31m

  Name "":
  [36m<p[31m
    [33mclass[31m=[32m"text-[10px] text-slate-500 pt-4 border-t border-slate-800/60 uppercase tracking-widest"[31m
  [36m/>[31m

  --------------------------------------------------
  img:

  Name "Bar chart showing annual carbon footprint broken down by category. A data table with the same information follows.":
  [36m<div[31m
    [33maria-label[31m=[32m"Bar chart showing annual carbon footprint broken down by category. A data table with the same information follows."[31m
    [33mclass[31m=[32m"w-full h-56"[31m
    [33mrole[31m=[32m"img"[31m
  [36m/>[31m

  --------------------------------------------------
  table:

  Name "Carbon footprint breakdown by category (annual kg COΓéée)":
  [36m<table[31m
    [33mclass[31m=[32m"sr-only"[31m
  [36m/>[31m

  --------------------------------------------------
  caption:

  Name "Carbon footprint breakdown by category (annual kg COΓéée)":
  [36m<caption />[31m

  --------------------------------------------------
  rowgroup:

  Name "":
  [36m<thead />[31m

  Name "":
  [36m<tbody />[31m

  --------------------------------------------------
  row:

  Name "Category kg COΓéée per year Percentage of total":
  [36m<tr />[31m

  Name "Transport 3000 44.1%":
  [36m<tr />[31m

  Name "Diet 2500 36.8%":
  [36m<tr />[31m

  Name "Home Energy 1300 19.1%":
  [36m<tr />[31m

  Name "Shopping & Goods 1000 14.7%":
  [36m<tr />[31m

  --------------------------------------------------
  columnheader:

  Name "Category":
  [36m<th[31m
    [33mscope[31m=[32m"col"[31m
  [36m/>[31m

  Name "kg COΓéée per year":
  [36m<th[31m
    [33mscope[31m=[32m"col"[31m
  [36m/>[31m

  Name "Percentage of total":
  [36m<th[31m
    [33mscope[31m=[32m"col"[31m
  [36m/>[31m

  --------------------------------------------------
  rowheader:

  Name "Transport":
  [36m<th[31m
    [33mscope[31m=[32m"row"[31m
  [36m/>[31m

  Name "Diet":
  [36m<th[31m
    [33mscope[31m=[32m"row"[31m
  [36m/>[31m

  Name "Home Energy":
  [36m<th[31m
    [33mscope[31m=[32m"row"[31m
  [36m/>[31m

  Name "Shopping & Goods":
  [36m<th[31m
    [33mscope[31m=[32m"row"[31m
  [36m/>[31m

  --------------------------------------------------
  cell:

  Name "3000":
  [36m<td />[31m

  Name "44.1%":
  [36m<td />[31m

  Name "2500":
  [36m<td />[31m

  Name "36.8%":
  [36m<td />[31m

  Name "1300":
  [36m<td />[31m

  Name "19.1%":
  [36m<td />[31m

  Name "1000":
  [36m<td />[31m

  Name "14.7%":
  [36m<td />[31m

  --------------------------------------------------
  button:

  Name "Get personalised carbon reduction insights powered by Google Gemini AI":
  [36m<button[31m
    [33maria-busy[31m=[32m"false"[31m
    [33maria-label[31m=[32m"Get personalised carbon reduction insights powered by Google Gemini AI"[31m
    [33mclass[31m=[32m"
                flex items-center gap-3 bg-primary-600 text-slate-50
                px-8 py-3 rounded-[10px] text-sm font-semibold tracking-wide
                hover:bg-primary-500 hover:shadow-[0_0_16px_rgba(16,185,129,0.3)] active:scale-95
                focus:outline-none focus:ring-2 focus:ring-primary-500 focus:ring-offset-2 focus:ring-offset-slate-950
                disabled:opacity-50 disabled:cursor-not-allowed disabled:hover:shadow-none disabled:active:scale-100
                transition-all duration-200 border border-primary-500/30 min-w-[280px] justify-center
              "[31m
  [36m/>[31m

  --------------------------------------------------

Ignored nodes: comments, script, style
[36m<body>[31m
  [36m<div>[31m
    [36m<section[31m
      [33maria-atomic[31m=[32m"true"[31m
      [33maria-labelledby[31m=[32m"results-heading"[31m
      [33maria-live[31m=[32m"polite"[31m
      [33mclass[31m=[32m"space-y-4 animate-slide-up"[31m
    [36m>[31m
      [36m<div[31m
        [33mclass[31m=[32m"grid grid-cols-1 lg:grid-cols-3 gap-4"[31m
      [36m>[31m
        [36m<div[31m
          [33mclass[31m=[32m"vercel-card lg:col-span-3 p-10 text-center relative overflow-hidden flex flex-col items-center justify-center min-h-[280px]"[31m
        [36m>[31m
          [36m<div[31m
            [33mclass[31m=[32m"absolute top-1/2 left-1/2 -translate-x-1/2 -translate-y-1/2 w-[400px] h-[400px] bg-primary-500/5 rounded-full blur-[80px] pointer-events-none"[31m
          [36m/>[31m
          [36m<div[31m
            [33mclass[31m=[32m"relative z-10"[31m
          [36m>[31m
            [36m<h2[31m
              [33mclass[31m=[32m"text-sm font-semibold text-slate-400 mb-4 tracking-[0.2em] uppercase"[31m
              [33mid[31m=[32m"results-heading"[31m
            [36m>[31m
              [0mYour Annual Carbon Footprint[0m
            [36m</h2>[31m
            [36m<div[31m
              [33mclass[31m=[32m"flex flex-col items-center justify-center gap-1 mb-6"[31m
            [36m>[31m
              [36m<span[31m
                [33mclass[31m=[32m"text-7xl sm:text-8xl font-black tabular-nums text-slate-50 tracking-tight"[31m
              [36m>[31m
                [0m6.8t[0m
              [36m</span>[31m
              [36m<span[31m
                [33mclass[31m=[32m"text-lg font-medium text-slate-500 mt-2 tracking-widest uppercase"[31m
              [36m>[31m
                [0mCOΓéée[0m
              [36m</span>[31m
            [36m</div>[31m
          [36m</div>[31m
          [36m<span[31m
            [33mclass[31m=[32m"inline-flex items-center px-4 py-1.5 rounded-md text-xs font-semibold uppercase tracking-wider bg-amber-500/10 text-amber-400 border border-amber-500/20"[31m
          [36m>[31m
            [0mHigh Impact[0m
          [36m</span>[31m
        [36m</div>[31m
        [36m<div[31m
          [33mclass[31m=[32m"vercel-card p-6 sm:p-8 space-y-8 flex flex-col justify-center"[31m
        [36m>[31m
          [36m<h3[31m
            [33mclass[31m=[32m"text-sm font-semibold text-slate-300 flex items-center gap-2 tracking-wide uppercase"[31m
          [36m>[31m
            [36m<span[31m
              [33maria-hidden[31m=[32m"true"[31m
              [33mclass[31m=[32m"text-slate-500"[31m
            [36m>[31m
              [0m≡ƒôè[0m
            [36m</span>[31m
            [0m Benchmarks[0m
          [36m</h3>[31m
          [36m<div[31m
            [33mclass[31m=[32m"space-y-1.5"[31m
          [36m>[31m
            [36m<div[31m
              [33mclass[31m=[32m"flex justify-between text-sm"[31m
            [36m>[31m
              [36m<span[31m
                [33mclass[31m=[32m"font-medium text-slate-300"[31m
              [36m>[31m
                [0mvs Global Average[0m
              [36m</span>[31m
              [36m<span[31m
                [33mclass[31m=[32m"font-bold text-slate-50 tabular-nums"[31m
              [36m>[31m
                [0m170[0m
                [0m%[0m
                [0m [0m
                [36m<span[31m
                  [33mclass[31m=[32m"font-normal text-slate-500"[31m
                [36m>[31m
                  [0mof [0m
                  [0m4.0t[0m
                [36m</span>[31m
              [36m</span>[31m
            [36m</div>[31m
            [36m<div[31m
              [33maria-label[31m=[32m"vs Global Average: your footprint is 170% of the global average (4.0t/year)"[31m
              [33maria-valuemax[31m=[32m"200"[31m
              [33maria-valuemin[31m=[32m"0"[31m
              [33maria-valuenow[31m=[32m"170"[31m
              [33mclass[31m=[32m"relative w-full h-2 bg-slate-800 rounded-full overflow-hidden shadow-inner"[31m
              [33mid[31m=[32m"global-average-bar"[31m
              [33mrole[31m=[32m"progressbar"[31m
            [36m>[31m
              [36m<div[31m
                [33mclass[31m=[32m"h-full rounded-full transition-all duration-700 bg-red-500"[31m
                [33mstyle[31m=[32m"width: 85%;"[31m
              [36m/>[31m
              [36m<div[31m
                [33maria-hidden[31m=[32m"true"[31m
                [33mclass[31m=[32m"absolute top-0 h-full w-px bg-slate-400 opacity-60 shadow-[0_0_4px_rgba(255,255,255,0.5)]"[31m
                [33mstyle[31m=[32m"left: 50%;"[31m
              [36m/>[31m
            [36m</div>[31m
            [36m<p[31m
              [33mclass[31m=[32m"text-xs text-slate-400"[31m
            [36m>[31m
              [0mΓÜá∩╕Å You are 70% above the global average[0m
            [36m</p>[31m
          [36m</div>[31m
          [36m<div[31m
            [33mclass[31m=[32m"space-y-1.5"[31m
          [36m>[31m
            [36m<div[31m
              [33mclass[31m=[32m"flex justify-between text-sm"[31m
            [36m>[31m
              [36m<span[31m
                [33mclass[31m=[32m"font-medium text-slate-300"[31m
              [36m>[31m
                [0mvs Paris 1.5┬░C Target[0m
              [36m</span>[31m
              [36m<span[31m
                [33mclass[31m=[32m"font-bold text-slate-50 tabular-nums"[31m
              [36m>[31m
                [0m340[0m
                [0m%[0m
                [0m [0m
                [36m<span[31m
                  [33mclass[31m=[32m"font-normal text-slate-500"[31m
                [36m>[31m
                  [0mof [0m
                  [0m2.0t[0m
                [36m</span>[31m
              [36m</span>[31m
            [36m</div>[31m
            [36m<div[31m
              [33maria-label[31m=[32m"vs Paris 1.5┬░C Target: your footprint is 340% of the Paris climate target (2.0t/year)"[31m
              [33maria-valuemax[31m=[32m"200"[31m
              [33maria-valuemin[31m=[32m"0"[31m
              [33maria-valuenow[31m=[32m"340"[31m
              [33mclass[31m=[32m"relative w-full h-2 bg-slate-800 rounded-full overflow-hidden shadow-inner"[31m
              [33mid[31m=[32m"paris-target-bar"[31m
              [33mrole[31m=[32m"progressbar"[31m
            [36m>[31m
              [36m<div[31m
                [33mclass[31m=[32m"h-full rounded-full transition-all duration-700 bg-red-500"[31m
                [33mstyle[31m=[32m"width: 100%;"[31m
              [36m/>[31m
              [36m<div[31m
                [33maria-hidden[31m=[32m"true"[31m
                [33mclass[31m=[32m"absolute top-0 h-full w-px bg-slate-400 opacity-60 shadow-[0_0_4px_rgba(255,255,255,0.5)]"[31m
                [33mstyle[31m=[32m"left: 50%;"[31m
              [36m/>[31m
            [36m</div>[31m
            [36m<p[31m
              [33mclass[31m=[32m"text-xs text-slate-400"[31m
            [36m>[31m
              [0mΓÜá∩╕Å You are 240% above the Paris climate target[0m
            [36m</p>[31m
          [36m</div>[31m
          [36m<p[31m
            [33mclass[31m=[32m"text-[10px] text-slate-500 pt-4 border-t border-slate-800/60 uppercase tracking-widest"[31m
          [36m>[31m
            [0mData: Our World in Data ┬╖ IPCC SR1.5[0m
          [36m</p>[31m
[90mstderr[2m | tests/accessibility.test.tsx[2m > [22m[2mAccessibility ΓÇö ResultsDisplay[2m > [22m[2mhas no 
axe violations[22m[39m
        [36m</div>[31m
        [36m<div[31m
          [33mclass[31m=[32m"vercel-card lg:col-span-2 p-6 sm:p-8 flex flex-col"[31m
        [36m>[31m
          [36m<h3[31m
            [33mclass[31m=[32m"text-sm font-semibold text-slate-300 mb-6 flex items-center gap-2 tracking-wide uppercase"[31m
          [36m>[31m
            [36m<span[31m
              [33maria-hidden[31m=[32m"true"[31m
              [33mclass[31m=[32m"text-slate-500"[31m
            [36m>[31m
              [0m≡ƒöì[0m
            [36m</span>[31m
            [0m Category Analysis[0m
          [36m</h3>[31m
          [36m<div[31m
            [33mclass[31m=[32m"flex-1 min-h-[200px]"[31m
          [36m>[31m
            [36m<div>[31m
              [36m<div[31m
                [33maria-label[31m=[32m"Bar chart showing annual carbon footprint broken down by category. A data table with the same information follows."[31m
                [33mclass[31m=[32m"w-full h-56"[31m
                [33mrole[31m=[32m"img"[31m
              [36m>[31m
                [36m<div[31m
                  [33mclass[31m=[32m"recharts-responsive-container"[31m
                  [33mstyle[31m=[32m"width: 100%; height: 100%; min-width: 0;"[31m
                [36m/>[31m
              [36m</div>[31m
              [36m<table[31m
                [33mclass[31m=[32m"sr-only"[31m
              [36m>[31m
                [36m<caption>[31m
                  [0mCarbon footprint breakdown by category (annual kg COΓéée)[0m
                [36m</caption>[31m
                [36m<thead>[31m
                  [36m<tr>[31m
                    [36m<th[31m
                      [33mscope[31m=[32m"col"[31m
                    [36m>[31m
                      [0mCategory[0m
                    [36m</th>[31m
                    [36m<th[31m
                      [33mscope[31m=[32m"col"[31m
                    [36m>[31m
                      [0mkg COΓéée per year[0m
                    [36m</th>[31m
                    [36m<th[31m
                      [33mscope[31m=[32m"col"[31m
                    [36m>[31m
                      [0mPercentage of total[0m
                    [36m</th>[31m
                  [36m</tr>[31m
                [36m</thead>[31m
                [36m<tbody>[31m
                  [36m<tr>[31m
                    [36m<th[31m
                      [33mscope[31m=[32m"row"[31m
                    [36m>[31m
                      [0mTransport[0m
                    [36m</th>[31m
                    [36m<td>[31m
                      [0m3000[0m
                    [36m</td>[31m
                    [36m<td>[31m
                      [0m44.1[0m
                      [0m%[0m
                    [36m</td>[31m
                  [36m</tr>[31m
                  [36m<tr>[31m
                    [36m<th[31m
                      [33mscope[31m=[32m"row"[31m
                    [36m>[31m
                      [0mDiet[0m
                    [36m</th>[31m
                    [36m<td>[31m
                      [0m2500[0m
                    [36m</td>[31m
                    [36m<td>[31m
                      [0m36.8[0m
                      [0m%[0m
                    [36m</td>[31m
                  [36m</tr>[31m
                  [36m<tr>[31m
                    [36m<th[31m
                      [33mscope[31m=[32m"row"[31m
                    [36m>[31m
                      [0mHome Energy[0m
                    [36m</th>[31m
                    [36m<td>[31m
                      [0m1300[0m
                    [36m</td>[31m
                    [36m<td>[31m
                      [0m19.1[0m
                      [0m%[0m
                    [36m</td>[31m
                  [36m</tr>[31m
                  [36m<tr>[31m
                    [36m<th[31m
                      [33mscope[31m=[32m"row"[31m
                    [36m>[31m
                      [0mShopping & Goods[0m
                    [36m</th>[31m
                    [36m<td>[31m
                      [0m1000[0m
                    [36m</td>[31m
                    [36m<td>[31m
                      [0m14.7[0m
                      [0m%[0m
                    [36m</td>[31m
                  [36m</tr>[31m
                [36m</tbody>[31m
              [36m</table>[31m
            [36m</div>[31m
          [36m</div>[31m
        [36m</div>[31m
      [36m</div>[31m
      [36m<div[31m
        [33mclass[31m=[32m"flex justify-center pt-4"[31m
      [36m>[31m
        [36m<button[31m
          [33maria-busy[31m=[32m"false"[31m
          [33maria-label[31m=[32m"Get personalised carbon reduction insights powered by Google Gemini AI"[31m
          [33mclass[31m=[32m"
              flex items-center gap-3 bg-primary-600 text-slate-50
              px-8 py-3 rounded-[10px] text-sm font-semibold tracking-wide
              hover:bg-primary-500 hover:shadow-[0_0_16px_rgba(16,185,129,0.3)] active:scale-95
              focus:outline-none focus:ring-2 focus:ring-primary-500 focus:ring-offset-2 focus:ring-offset-slate-950
              disabled:opacity-50 disabled:cursor-not-allowed disabled:hover:shadow-none disabled:active:scale-100
              transition-all duration-200 border border-primary-500/30 min-w-[280px] justify-center
            "[31m
        [36m>[31m
          [36m<span[31m
            [33maria-hidden[31m=[32m"true"[31m
            [33mclass[31m=[32m"text-primary-300"[31m
          [36m>[31m
            [0mΓÜí[0m
          [36m</span>[31m
          [0mGenerate AI Insights[0m
          [36m<span[31m
            [33mclass[31m=[32m"text-[10px] bg-slate-900/50 border border-slate-700/50 px-2 py-0.5 rounded-md text-primary-200"[31m
          [36m>[31m
            [0mGemini[0m
          [36m</span>[31m
        [36m</button>[31m
      [36m</div>[31m
    [36m</section>[31m
  [36m</div>[31m
[36m</body>[31m[39m
The width(0) and height(0) of chart should be greater than 0,
       please check the style of container, or the props width(100%) and height(100%),
       or add a minWidth(0) or minHeight(undefined) or use aspect(undefined) to control the
       height and width.

[90mstderr[2m | tests/accessibility.test.tsx[2m > [22m[2mAccessibility ΓÇö HistoryChart (with data)[2m > 
[22m[2mhas no axe violations[22m[39m
The width(0) and height(0) of chart should be greater than 0,
       please check the style of container, or the props width(100%) and height(100%),
       or add a minWidth(0) or minHeight(undefined) or use aspect(undefined) to control the
       height and width.

 [32mΓ£ô[39m tests/accessibility.test.tsx [2m ([22m[2m8 tests[22m[2m)[22m[33m 1366[2mms[22m[39m

[31mΓÄ»ΓÄ»ΓÄ»ΓÄ»ΓÄ»ΓÄ»ΓÄ»[1m[7m Failed Tests 3 [27m[22mΓÄ»ΓÄ»ΓÄ»ΓÄ»ΓÄ»ΓÄ»ΓÄ»[39m

[31m[1m[7m FAIL [27m[22m[39m tests/InsightsList.test.tsx[2m > [22mInsightsList[2m > [22mshows Gemini badge 
when source is gemini
[31m[1mTestingLibraryElementError[22m[39m: Unable to find an element with the text: /powered by google gemini 
ai/i. This could be because the text is broken up by multiple elements. In this case, you can provide a function for 
your text matcher to make your matcher more flexible.

Ignored nodes: comments, script, style
[36m<body>[39m
  [36m<div>[39m
    [36m<section[39m
      [33maria-atomic[39m=[32m"false"[39m
      [33maria-labelledby[39m=[32m"insights-heading"[39m
      [33maria-live[39m=[32m"polite"[39m
      [33mclass[39m=[32m"space-y-5 animate-slide-up"[39m
    [36m>[39m
      [36m<div[39m
        [33mclass[39m=[32m"vercel-card p-6"[39m
      [36m>[39m
        [36m<div[39m
          [33mclass[39m=[32m"flex items-start justify-between flex-wrap gap-3"[39m
        [36m>[39m
          [36m<div>[39m
            [36m<h2[39m
              [33mclass[39m=[32m"text-lg font-semibold text-slate-100 mb-1 tracking-tight"[39m
              [33mid[39m=[32m"insights-heading"[39m
            [36m>[39m
              [0mYour Personalised Reduction Plan[0m
            [36m</h2>[39m
            [36m<p[39m
              [33mclass[39m=[32m"text-sm text-slate-400"[39m
            [36m>[39m
              [0mTargeting top emission sources with calculated reduction strategies.[0m
            [36m</p>[39m
          [36m</div>[39m
          [36m<span[39m
            [33maria-label[39m=[32m"Insights powered by Google Gemini AI"[39m
            [33mclass[39m=[32m"
                inline-flex items-center gap-1.5 text-[10px] font-semibold uppercase tracking-wider
                bg-secondary-500/10 text-secondary-400 border border-secondary-500/20
                px-3 py-1.5 rounded-md
              "[39m
          [36m>[39m
            [36m<span[39m
              [33maria-hidden[39m=[32m"true"[39m
              [33mclass[39m=[32m"text-secondary-300"[39m
            [36m>[39m
              [0mΓÜí[0m
            [36m</span>[39m
            [0mAI Generated[0m
          [36m</span>[39m
        [36m</div>[39m
        [36m<div[39m
          [33maria-label[39m=[32m"Total potential annual saving: 1.9t CO2e"[39m
          [33mclass[39m=[32m"mt-5 pt-5 border-t border-slate-800/60 flex items-center gap-4"[39m
        [36m>[39m
          [36m<div[39m
            [33mclass[39m=[32m"text-3xl font-black text-primary-400 tabular-nums"[39m
          [36m>[39m
            [0m1.9t[0m
          [36m</div>[39m
          [36m<div>[39m
            [36m<p[39m
              [33mclass[39m=[32m"text-sm font-medium text-slate-300"[39m
            [36m>[39m
              [0mTotal potential annual saving[0m
            [36m</p>[39m
            [36m<p[39m
              [33mclass[39m=[32m"text-xs text-slate-500"[39m
            [36m>[39m
              [0mAssuming full implementation[0m
            [36m</p>[39m
          [36m</div>[39m
        [36m</div>[39m
      [36m</div>[39m
      [36m<ol[39m
        [33maria-label[39m=[32m"Personalized carbon reduction insights, ordered by priority"[39m
        [33mclass[39m=[32m"grid grid-cols-1 md:grid-cols-3 gap-4 list-none"[39m
      [36m>[39m
        [36m<li[39m
          [33mclass[39m=[32m"flex"[39m
        [36m>[39m
          [36m<article[39m
            [33maria-label[39m=[32m"Insight 1: Transport ΓÇö Switch to public transport for your daily 
commute."[39m
            [33mclass[39m=[32m"
        vercel-panel p-5 w-full flex flex-col h-full
        hover:shadow-vercel hover:-translate-y-0.5 hover:border-slate-700 transition-all duration-300
        animate-fade-in group
      "[39m
          [36m>[39m
            [36m<div[39m
              [33mclass[39m=[32m"flex items-start gap-4"[39m
            [36m>[39m
              [36m<div[39m
                [33mclass[39m=[32m"flex-shrink-0 flex flex-col items-center gap-1"[39m
              [36m>[39m
                [36m<span[39m
                  [33maria-label[39m=[32m"Priority 1"[39m
                  [33mclass[39m=[32m"
              bg-primary-600 text-white text-[10px] font-black tracking-widest
              w-7 h-7 rounded-md flex items-center justify-center
              shadow-[0_0_8px_rgba(16,185,129,0.3)]
            "[39m
                [36m>[39m
                  [0m1[0m
                [36m</span>[39m
              [36m</div>[39m
              [36m<div[39m
                [33mclass[39m=[32m"flex-1 min-w-0"[39m
              [36m>[39m
                [36m<div[39m
                  [33mclass[39m=[32m"flex items-center gap-2 mb-2"[39m
                [36m>[39m
                  [36m<span[39m
                    [33maria-hidden[39m=[32m"true"[39m
                    [33mclass[39m=[32m"text-xl opacity-80"[39m
                  [36m>[39m
                    [0m≡ƒÜù[0m
                  [36m</span>[39m
                  [36m<span[39m
                    [33mclass[39m=[32m"text-[10px] font-bold text-slate-400 uppercase tracking-[0.15em]"[39m
                  [36m>[39m
                    [0mTransport[0m
                  [36m</span>[39m
                [36m</div>[39m
                [36m<p[39m
                  [33mclass[39m=[32m"text-sm text-slate-200 leading-relaxed mb-4 flex-1"[39m
                [36m>[39m
                  [0mSwitch to public transport for your daily commute.[0m
                [36m</p>[39m
                [36m<div[39m
                  [33mclass[39m=[32m"flex flex-wrap items-center gap-2 mt-auto pt-4 border-t 
border-slate-800/50"[39m
                [36m>[39m
                  [36m<div[39m
                    [33mclass[39m=[32m"flex items-center gap-1.5 bg-primary-500/10 border border-primary-500/20 
text-primary-300 rounded-[6px] px-2.5 py-1"[39m
                  [36m>[39m
                    [36m<span[39m
                      [33maria-hidden[39m=[32m"true"[39m
                      [33mclass[39m=[32m"text-[10px]"[39m
                    [36m>[39m
                      [0mΓùÅ[0m
                    [36m</span>[39m
                    [36m<span[39m
                      [33mclass[39m=[32m"text-xs font-medium tracking-wide"[39m
                    [36m>[39m
                      [0m~[0m
                      [0m1.2t[0m
                      [0m [0m
                      [36m<span[39m
                        [33mclass[39m=[32m"opacity-70"[39m
                      [36m>[39m
                        [0mCOΓéée[0m
                      [36m</span>[39m
                    [36m</span>[39m
                  [36m</div>[39m
                  [36m<div[39m
                    [33mclass[39m=[32m"flex items-center gap-1.5 bg-slate-800/50 border border-slate-700/50 
text-slate-400 rounded-[6px] px-2.5 py-1"[39m
                  [36m>[39m
                    [36m<span[39m
                      [33maria-hidden[39m=[32m"true"[39m
                      [33mclass[39m=[32m"text-[10px]"[39m
                    [36m>[39m
                      [0mΓÅ▒[0m
                    [36m</span>[39m
                    [36m<span[39m
                      [33mclass[39m=[32m"text-xs font-medium"[39m
                    [36m>[39m
                      [0mAchievable within 30 days[0m
                    [36m</span>[39m
                  [36m</div>[39m
                [36m</div>[39m
              [36m</div>[39m
            [36m</div>[39m
          [36m</article>[39m
        [36m</li>[39m
        [36m<li[39m
          [33mclass[39m=[32m"flex"[39m
        [36m>[39m
          [36m<article[39m
            [33maria-label[39m=[32m"Insight 2: Diet ΓÇö Try 2 plant-based days per week."[39m
            [33mclass[39m=[32m"
        vercel-panel p-5 w-full flex flex-col h-full
        hover:shadow-vercel hover:-translate-y-0.5 hover:border-slate-700 transition-all duration-300
        animate-fade-in group
      "[39m
          [36m>[39m
            [36m<div[39m
              [33mclass[39m=[32m"flex items-start gap-4"[39m
            [36m>[39m
              [36m<div[39m
                [33mclass[39m=[32m"flex-shrink-0 flex flex-col items-center gap-1"[39m
              [36m>[39m
                [36m<span[39m
                  [33maria-label[39m=[32m"Priority 2"[39m
                  [33mclass[39m=[32m"
              bg-primary-500 text-white text-[10px] font-black tracking-widest
              w-7 h-7 rounded-md flex items-center justify-center
              shadow-[0_0_8px_rgba(16,185,129,0.3)]
            "[39m
                [36m>[39m
                  [0m2[0m
                [36m</span>[39m
              [36m</div>[39m
              [36m<div[39m
                [33mclass[39m=[32m"flex-1 min-w-0"[39m
              [36m>[39m
                [36m<div[39m
                  [33mclass[39m=[32m"flex items-center gap-2 mb-2"[39m
                [36m>[39m
                  [36m<span[39m
                    [33maria-hidden[39m=[32m"true"[39m
                    [33mclass[39m=[32m"text-xl opacity-80"[39m
                  [36m>[39m
                    [0m≡ƒÑù[0m
                  [36m</span>[39m
                  [36m<span[39m
                    [33mclass[39m=[32m"text-[10px] font-bold text-slate-400 uppercase tracking-[0.15em]"[39m
                  [36m>[39m
                    [0mDiet[0m
                  [36m</span>[39m
                [36m</div>[39m
                [36m<p[39m
                  [33mclass[39m=[32m"text-sm text-slate-200 leading-relaxed mb-4 flex-1"[39m
                [36m>[39m
                  [0mTry 2 plant-based days per week.[0m
                [36m</p>[39m
                [36m<div[39m
                  [33mclass[39m=[32m"flex flex-wrap items-center gap-2 mt-auto pt-4 border-t 
border-slate-800/50"[39m
                [36m>[39m
                  [36m<div[39m
                    [33mclass[39m=[32m"flex items-center gap-1.5 bg-primary-500/10 border border-primary-500/20 
text-primary-300 rounded-[6px] px-2.5 py-1"[39m
                  [36m>[39m
                    [36m<span[39m
                      [33maria-hidden[39m=[32m"true"[39m
                      [33mclass[39m=[32m"text-[10px]"[39m
                    [36m>[39m
                      [0mΓùÅ[0m
                    [36m</span>[39m
                    [36m<span[39m
                      [33mclass[39m=[32m"text-xs font-medium tracking-wide"[39m
                    [36m>[39m
                      [0m~[0m
                      [0m400 kg[0m
                      [0m [0m
                      [36m<span[39m
                        [33mclass[39m=[32m"opacity-70"[39m
                      [36m>[39m
                        [0mCOΓéée[0m
                      [36m</span>[39m
                    [36m</span>[39m
                  [36m</div>[39m
                  [36m<div[39m
                    [33mclass[39m=[32m"flex items-center gap-1.5 bg-slate-800/50 border border-slate-700/50 
text-slate-400 rounded-[6px] px-2.5 py-1"[39m
                  [36m>[39m
                    [36m<span[39m
                      [33maria-hidden[39m=[32m"true"[39m
                      [33mclass[39m=[32m"text-[10px]"[39m
                    [36m>[39m
                      [0mΓÅ▒[0m
                    [36m</span>[39m
                    [36m<span[39m
                      [33mclass[39m=[32m"text-xs font-medium"[39m
                    [36m>[39m
                      [0mAchievable within 30 days[0m
                    [36m</span>[39m
                  [36m</div>[39m
                [36m</div>[39m
              [36m</div>[39m
            [36m</div>[39m
          [36m</article>[39m
        [36m</li>[39m
        [36m<li[39m
          [33mclass[39m=[32m"flex"[39m
        [36m>[39m
          [36m<article[39m
            [33maria-label[39m=[32m"Insight 3: Home Energy ΓÇö Install a smart thermostat."[39m
            [33mclass[39m=[32m"
        vercel-panel p-5 w-full flex flex-col h-full
        hover:shadow-vercel hover:-translate-y-0.5 hover:border-slate-700 transition-all duration-300
        animate-fade-in group
      "[39m
          [36m>[39m
            [36m<div[39m
              [33mclass[39m=[32m"flex items-start gap-4"[39m
            [36m>[39m
              [36m<div[39m
                [33mclass[39m=[32m"flex-shrink-0 flex flex-col items-center gap-1"[39m
              [36m>[39m
                [36m<span[39m
                  [33maria-label[39m=[32m"Priority 3"[39m
                  [33mclass[39m=[32m"
              bg-primary-400 text-white text-[10px] font-black tracking-widest
              w-7 h-7 rounded-md flex items-center justify-center
              shadow-[0_0_8px_rgba(16,185,129,0.3)]
            "[39m
                [36m>[39m
                  [0m3[0m
                [36m</span>[39m
              [36m</div>[39m
              [36m<div[39m
                [33mclass[39m=[32m"flex-1 min-w-0"[39m
              [36m>[39m
                [36m<div[39m
                  [33mclass[39m=[32m"flex items-center gap-2 mb-2"[39m
                [36m>[39m
                  [36m<span[39m
                    [33maria-hidden[39m=[32m"true"[39m
                    [33mclass[39m=[32m"text-xl opacity-80"[39m
                  [36m>[39m
                    [0m≡ƒÅá[0m
                  [36m</span>[39m
                  [36m<span[39m
                    [33mclass[39m=[32m"text-[10px] font-bold text-slate-400 uppercase tracking-[0.15em]"[39m
                  [36m>[39m
                    [0mHome Energy[0m
                  [36m</span>[39m
                [36m</div>[39m
                [36m<p[39m
                  [33mclass[39m=[32m"text-sm text-slate-200 leading-relaxed mb-4 flex-1"[39m
                [36m>[39m
                  [0mInstall a smart thermostat.[0m
                [36m</p>[39m
                [36m<div[39m
                  [33mclass[39m=[32m"flex flex-wrap items-center gap-2 mt-auto pt-4 border-t 
border-slate-800/50"[39m
                [36m>[39m
                  [36m<div[39m
                    [33mclass[39m=[32m"flex items-center gap-1.5 bg-primary-500/10 border border-primary-500/20 
text-primary-300 rounded-[6px] px-2.5 py-1"[39m
                  [36m>[39m
                    [36m<span[39m
                      [33maria-hidden[39m=[32m"true"[39m
                      [33mclass[39m=[32m"text-[10px]"[39m
                    [36m>[39m
                      [0mΓùÅ[0m
                    [36m</span>[39m
                    [36m<span[39m
                      [33mclass[39m=[32m"text-xs font-medium tracking-wide"[39m
                    [36m>[39m
                      [0m~[0m
                      [0m260 kg[0m
                      [0m [0m
                      [36m<span[39m
                        [33mclass[39m=[32m"opacity-70"[39m
                      [36m>[39m
                        [0mCOΓéée[0m
                      [36m</span>[39m
                    [36m</span>[39m
                  [36m</div>[39m
                  [36m<div[39m
                    [33mclass[39m=[32m"flex items-center gap-1.5 bg-slate-800/50 border border-slate-700/50 
text-slate-400 rounded-[6px] px-2.5 py-1"[39m
                  [36m>[39m
                    [36m<span[39m
                      [33maria-hidden[39m=[32m"true"[39m
                      [33mclass[39m=[32m"text-[10px]"[39m
                    [36m>[39m
                      [0mΓÅ▒[0m
                    [36m</span>[39m
                    [36m<span[39m
                      [33mclass[39m=[32m"text-xs font-medium"[39m
                    [36m>[39m
                      [0mAchievable within 30 days[0m
                    [36m</span>[39m
                  [36m</div>[39m
                [36m</div>[39m
              [36m</div>[39m
            [36m</div>[39m
          [36m</article>[39m
        [36m</li>[39m
      [36m</ol>[39m
      [36m<div[39m
        [33mclass[39m=[32m"flex justify-center pt-6"[39m
      [36m>[39m
        [36m<button[39m
          [33maria-label[39m=[32m"Save this carbon footprint snapshot to your history"[39m
          [33mclass[39m=[32m"
            flex items-center gap-2 text-sm text-slate-300 border border-slate-700 bg-slate-900/50
            px-6 py-2.5 rounded-[10px] hover:bg-slate-800 hover:text-slate-100 hover:border-slate-600
            focus:outline-none focus:ring-2 focus:ring-primary-500 focus:ring-offset-2 focus:ring-offset-slate-950
            transition-all duration-200
          "[39m
        [36m>[39m
          [36m<span[39m
            [33maria-hidden[39m=[32m"true"[39m
            [33mclass[39m=[32m"text-primary-400"[39m
          [36m>[39m
            [0mΓùÅ[0m
          [36m</span>[39m
          [0mCommit to History[0m
        [36m</button>[39m
      [36m</div>[39m
    [36m</section>[39m
  [36m</div>[39m
[36m</body>[39m
[90m [2mΓ¥»[22m Object.getElementError node_modules/@testing-library/dom/dist/config.js:[2m37:19[22m[39m
[90m [2mΓ¥»[22m node_modules/@testing-library/dom/dist/query-helpers.js:[2m76:38[22m[39m
[90m [2mΓ¥»[22m node_modules/@testing-library/dom/dist/query-helpers.js:[2m52:17[22m[39m
[90m [2mΓ¥»[22m node_modules/@testing-library/dom/dist/query-helpers.js:[2m95:19[22m[39m
[36m [2mΓ¥»[22m tests/InsightsList.test.tsx:[2m66:19[22m[39m
    [90m 64| [39m  [34mit[39m([32m'shows Gemini badge when source is gemini'[39m[33m,[39m () [33m=>[39m {
    [90m 65| [39m    [34mrender[39m([33m<[39m[33mInsightsList[39m 
[33minsightsResponse[39m[33m=[39m[33m{[39mmockInsightsGemini[33m}[39m [33m/[39m[33m>[39m)[33m;[39m
    [90m 66| [39m    [34mexpect[39m(screen[33m.[39m[34mgetByText[39m([36m/powered by google gemini 
ai/i[39m))[33m.[39m[34mtoBeInThe[39mΓÇª
    [90m   | [39m                  [31m^[39m
    [90m 67| [39m  })[33m;[39m
    [90m 68| [39m

[31m[2mΓÄ»ΓÄ»ΓÄ»ΓÄ»ΓÄ»ΓÄ»ΓÄ»ΓÄ»ΓÄ»ΓÄ»ΓÄ»ΓÄ»ΓÄ»ΓÄ»ΓÄ»ΓÄ»ΓÄ»ΓÄ»ΓÄ»ΓÄ»ΓÄ»ΓÄ»ΓÄ»ΓÄ»[1/3]ΓÄ»[22m[39m

[31m[1m[7m FAIL [27m[22m[39m tests/InsightsList.test.tsx[2m > [22mInsightsList[2m > [22mshows rule-based 
badge when source is rules
[31m[1mTestingLibraryElementError[22m[39m: Unable to find an element with the text: /rule-based insights/i. This 
could be because the text is broken up by multiple elements. In this case, you can provide a function for your text 
matcher to make your matcher more flexible.

Ignored nodes: comments, script, style
[36m<body>[39m
  [36m<div>[39m
    [36m<section[39m
      [33maria-atomic[39m=[32m"false"[39m
      [33maria-labelledby[39m=[32m"insights-heading"[39m
      [33maria-live[39m=[32m"polite"[39m
      [33mclass[39m=[32m"space-y-5 animate-slide-up"[39m
    [36m>[39m
      [36m<div[39m
        [33mclass[39m=[32m"vercel-card p-6"[39m
      [36m>[39m
        [36m<div[39m
          [33mclass[39m=[32m"flex items-start justify-between flex-wrap gap-3"[39m
        [36m>[39m
          [36m<div>[39m
            [36m<h2[39m
              [33mclass[39m=[32m"text-lg font-semibold text-slate-100 mb-1 tracking-tight"[39m
              [33mid[39m=[32m"insights-heading"[39m
            [36m>[39m
              [0mYour Personalised Reduction Plan[0m
            [36m</h2>[39m
            [36m<p[39m
              [33mclass[39m=[32m"text-sm text-slate-400"[39m
            [36m>[39m
              [0mTargeting top emission sources with calculated reduction strategies.[0m
            [36m</p>[39m
          [36m</div>[39m
          [36m<span[39m
            [33maria-label[39m=[32m"Insights generated by rule-based engine (Gemini AI unavailable)"[39m
            [33mclass[39m=[32m"
                inline-flex items-center gap-1.5 text-[10px] font-semibold uppercase tracking-wider
                bg-slate-800 text-slate-400 border border-slate-700
                px-3 py-1.5 rounded-md
              "[39m
          [36m>[39m
            [36m<span[39m
              [33maria-hidden[39m=[32m"true"[39m
            [36m>[39m
              [0m≡ƒöº[0m
            [36m</span>[39m
            [0mHeuristics[0m
          [36m</span>[39m
        [36m</div>[39m
        [36m<div[39m
          [33maria-label[39m=[32m"Total potential annual saving: 1.9t CO2e"[39m
          [33mclass[39m=[32m"mt-5 pt-5 border-t border-slate-800/60 flex items-center gap-4"[39m
        [36m>[39m
          [36m<div[39m
            [33mclass[39m=[32m"text-3xl font-black text-primary-400 tabular-nums"[39m
          [36m>[39m
            [0m1.9t[0m
          [36m</div>[39m
          [36m<div>[39m
            [36m<p[39m
              [33mclass[39m=[32m"text-sm font-medium text-slate-300"[39m
            [36m>[39m
              [0mTotal potential annual saving[0m
            [36m</p>[39m
            [36m<p[39m
              [33mclass[39m=[32m"text-xs text-slate-500"[39m
            [36m>[39m
              [0mAssuming full implementation[0m
            [36m</p>[39m
          [36m</div>[39m
        [36m</div>[39m
      [36m</div>[39m
      [36m<ol[39m
        [33maria-label[39m=[32m"Personalized carbon reduction insights, ordered by priority"[39m
        [33mclass[39m=[32m"grid grid-cols-1 md:grid-cols-3 gap-4 list-none"[39m
      [36m>[39m
        [36m<li[39m
          [33mclass[39m=[32m"flex"[39m
        [36m>[39m
          [36m<article[39m
            [33maria-label[39m=[32m"Insight 1: Transport ΓÇö Switch to public transport for your daily 
commute."[39m
            [33mclass[39m=[32m"
        vercel-panel p-5 w-full flex flex-col h-full
        hover:shadow-vercel hover:-translate-y-0.5 hover:border-slate-700 transition-all duration-300
        animate-fade-in group
      "[39m
          [36m>[39m
            [36m<div[39m
              [33mclass[39m=[32m"flex items-start gap-4"[39m
            [36m>[39m
              [36m<div[39m
                [33mclass[39m=[32m"flex-shrink-0 flex flex-col items-center gap-1"[39m
              [36m>[39m
                [36m<span[39m
                  [33maria-label[39m=[32m"Priority 1"[39m
                  [33mclass[39m=[32m"
              bg-primary-600 text-white text-[10px] font-black tracking-widest
              w-7 h-7 rounded-md flex items-center justify-center
              shadow-[0_0_8px_rgba(16,185,129,0.3)]
            "[39m
                [36m>[39m
                  [0m1[0m
                [36m</span>[39m
              [36m</div>[39m
              [36m<div[39m
                [33mclass[39m=[32m"flex-1 min-w-0"[39m
              [36m>[39m
                [36m<div[39m
                  [33mclass[39m=[32m"flex items-center gap-2 mb-2"[39m
                [36m>[39m
                  [36m<span[39m
                    [33maria-hidden[39m=[32m"true"[39m
                    [33mclass[39m=[32m"text-xl opacity-80"[39m
                  [36m>[39m
                    [0m≡ƒÜù[0m
                  [36m</span>[39m
                  [36m<span[39m
                    [33mclass[39m=[32m"text-[10px] font-bold text-slate-400 uppercase tracking-[0.15em]"[39m
                  [36m>[39m
                    [0mTransport[0m
                  [36m</span>[39m
                [36m</div>[39m
                [36m<p[39m
                  [33mclass[39m=[32m"text-sm text-slate-200 leading-relaxed mb-4 flex-1"[39m
                [36m>[39m
                  [0mSwitch to public transport for your daily commute.[0m
                [36m</p>[39m
                [36m<div[39m
                  [33mclass[39m=[32m"flex flex-wrap items-center gap-2 mt-auto pt-4 border-t 
border-slate-800/50"[39m
                [36m>[39m
                  [36m<div[39m
                    [33mclass[39m=[32m"flex items-center gap-1.5 bg-primary-500/10 border border-primary-500/20 
text-primary-300 rounded-[6px] px-2.5 py-1"[39m
                  [36m>[39m
                    [36m<span[39m
                      [33maria-hidden[39m=[32m"true"[39m
                      [33mclass[39m=[32m"text-[10px]"[39m
                    [36m>[39m
                      [0mΓùÅ[0m
                    [36m</span>[39m
                    [36m<span[39m
                      [33mclass[39m=[32m"text-xs font-medium tracking-wide"[39m
                    [36m>[39m
                      [0m~[0m
                      [0m1.2t[0m
                      [0m [0m
                      [36m<span[39m
                        [33mclass[39m=[32m"opacity-70"[39m
                      [36m>[39m
                        [0mCOΓéée[0m
                      [36m</span>[39m
                    [36m</span>[39m
                  [36m</div>[39m
                  [36m<div[39m
                    [33mclass[39m=[32m"flex items-center gap-1.5 bg-slate-800/50 border border-slate-700/50 
text-slate-400 rounded-[6px] px-2.5 py-1"[39m
                  [36m>[39m
                    [36m<span[39m
                      [33maria-hidden[39m=[32m"true"[39m
                      [33mclass[39m=[32m"text-[10px]"[39m
                    [36m>[39m
                      [0mΓÅ▒[0m
                    [36m</span>[39m
                    [36m<span[39m
                      [33mclass[39m=[32m"text-xs font-medium"[39m
                    [36m>[39m
                      [0mAchievable within 30 days[0m
                    [36m</span>[39m
                  [36m</div>[39m
                [36m</div>[39m
              [36m</div>[39m
            [36m</div>[39m
          [36m</article>[39m
        [36m</li>[39m
        [36m<li[39m
          [33mclass[39m=[32m"flex"[39m
        [36m>[39m
          [36m<article[39m
            [33maria-label[39m=[32m"Insight 2: Diet ΓÇö Try 2 plant-based days per week."[39m
            [33mclass[39m=[32m"
        vercel-panel p-5 w-full flex flex-col h-full
        hover:shadow-vercel hover:-translate-y-0.5 hover:border-slate-700 transition-all duration-300
        animate-fade-in group
      "[39m
          [36m>[39m
            [36m<div[39m
              [33mclass[39m=[32m"flex items-start gap-4"[39m
            [36m>[39m
              [36m<div[39m
                [33mclass[39m=[32m"flex-shrink-0 flex flex-col items-center gap-1"[39m
              [36m>[39m
                [36m<span[39m
                  [33maria-label[39m=[32m"Priority 2"[39m
                  [33mclass[39m=[32m"
              bg-primary-500 text-white text-[10px] font-black tracking-widest
              w-7 h-7 rounded-md flex items-center justify-center
              shadow-[0_0_8px_rgba(16,185,129,0.3)]
            "[39m
                [36m>[39m
                  [0m2[0m
                [36m</span>[39m
              [36m</div>[39m
              [36m<div[39m
                [33mclass[39m=[32m"flex-1 min-w-0"[39m
              [36m>[39m
                [36m<div[39m
                  [33mclass[39m=[32m"flex items-center gap-2 mb-2"[39m
                [36m>[39m
                  [36m<span[39m
                    [33maria-hidden[39m=[32m"true"[39m
                    [33mclass[39m=[32m"text-xl opacity-80"[39m
                  [36m>[39m
                    [0m≡ƒÑù[0m
                  [36m</span>[39m
                  [36m<span[39m
                    [33mclass[39m=[32m"text-[10px] font-bold text-slate-400 uppercase tracking-[0.15em]"[39m
                  [36m>[39m
                    [0mDiet[0m
                  [36m</span>[39m
                [36m</div>[39m
                [36m<p[39m
                  [33mclass[39m=[32m"text-sm text-slate-200 leading-relaxed mb-4 flex-1"[39m
                [36m>[39m
                  [0mTry 2 plant-based days per week.[0m
                [36m</p>[39m
                [36m<div[39m
                  [33mclass[39m=[32m"flex flex-wrap items-center gap-2 mt-auto pt-4 border-t 
border-slate-800/50"[39m
                [36m>[39m
                  [36m<div[39m
                    [33mclass[39m=[32m"flex items-center gap-1.5 bg-primary-500/10 border border-primary-500/20 
text-primary-300 rounded-[6px] px-2.5 py-1"[39m
                  [36m>[39m
                    [36m<span[39m
                      [33maria-hidden[39m=[32m"true"[39m
                      [33mclass[39m=[32m"text-[10px]"[39m
                    [36m>[39m
                      [0mΓùÅ[0m
                    [36m</span>[39m
                    [36m<span[39m
                      [33mclass[39m=[32m"text-xs font-medium tracking-wide"[39m
                    [36m>[39m
                      [0m~[0m
                      [0m400 kg[0m
                      [0m [0m
                      [36m<span[39m
                        [33mclass[39m=[32m"opacity-70"[39m
                      [36m>[39m
                        [0mCOΓéée[0m
                      [36m</span>[39m
                    [36m</span>[39m
                  [36m</div>[39m
                  [36m<div[39m
                    [33mclass[39m=[32m"flex items-center gap-1.5 bg-slate-800/50 border border-slate-700/50 
text-slate-400 rounded-[6px] px-2.5 py-1"[39m
                  [36m>[39m
                    [36m<span[39m
                      [33maria-hidden[39m=[32m"true"[39m
                      [33mclass[39m=[32m"text-[10px]"[39m
                    [36m>[39m
                      [0mΓÅ▒[0m
                    [36m</span>[39m
                    [36m<span[39m
                      [33mclass[39m=[32m"text-xs font-medium"[39m
                    [36m>[39m
                      [0mAchievable within 30 days[0m
                    [36m</span>[39m
                  [36m</div>[39m
                [36m</div>[39m
              [36m</div>[39m
            [36m</div>[39m
          [36m</article>[39m
        [36m</li>[39m
        [36m<li[39m
          [33mclass[39m=[32m"flex"[39m
        [36m>[39m
          [36m<article[39m
            [33maria-label[39m=[32m"Insight 3: Home Energy ΓÇö Install a smart thermostat."[39m
            [33mclass[39m=[32m"
        vercel-panel p-5 w-full flex flex-col h-full
        hover:shadow-vercel hover:-translate-y-0.5 hover:border-slate-700 transition-all duration-300
        animate-fade-in group
      "[39m
          [36m>[39m
            [36m<div[39m
              [33mclass[39m=[32m"flex items-start gap-4"[39m
            [36m>[39m
              [36m<div[39m
                [33mclass[39m=[32m"flex-shrink-0 flex flex-col items-center gap-1"[39m
              [36m>[39m
                [36m<span[39m
                  [33maria-label[39m=[32m"Priority 3"[39m
                  [33mclass[39m=[32m"
              bg-primary-400 text-white text-[10px] font-black tracking-widest
              w-7 h-7 rounded-md flex items-center justify-center
              shadow-[0_0_8px_rgba(16,185,129,0.3)]
            "[39m
                [36m>[39m
                  [0m3[0m
                [36m</span>[39m
              [36m</div>[39m
              [36m<div[39m
                [33mclass[39m=[32m"flex-1 min-w-0"[39m
              [36m>[39m
                [36m<div[39m
                  [33mclass[39m=[32m"flex items-center gap-2 mb-2"[39m
                [36m>[39m
                  [36m<span[39m
                    [33maria-hidden[39m=[32m"true"[39m
                    [33mclass[39m=[32m"text-xl opacity-80"[39m
                  [36m>[39m
                    [0m≡ƒÅá[0m
                  [36m</span>[39m
                  [36m<span[39m
                    [33mclass[39m=[32m"text-[10px] font-bold text-slate-400 uppercase tracking-[0.15em]"[39m
                  [36m>[39m
                    [0mHome Energy[0m
                  [36m</span>[39m
                [36m</div>[39m
                [36m<p[39m
                  [33mclass[39m=[32m"text-sm text-slate-200 leading-relaxed mb-4 flex-1"[39m
                [36m>[39m
                  [0mInstall a smart thermostat.[0m
                [36m</p>[39m
                [36m<div[39m
                  [33mclass[39m=[32m"flex flex-wrap items-center gap-2 mt-auto pt-4 border-t 
border-slate-800/50"[39m
                [36m>[39m
                  [36m<div[39m
                    [33mclass[39m=[32m"flex items-center gap-1.5 bg-primary-500/10 border border-primary-500/20 
text-primary-300 rounded-[6px] px-2.5 py-1"[39m
                  [36m>[39m
                    [36m<span[39m
                      [33maria-hidden[39m=[32m"true"[39m
                      [33mclass[39m=[32m"text-[10px]"[39m
                    [36m>[39m
                      [0mΓùÅ[0m
                    [36m</span>[39m
                    [36m<span[39m
                      [33mclass[39m=[32m"text-xs font-medium tracking-wide"[39m
                    [36m>[39m
                      [0m~[0m
                      [0m260 kg[0m
                      [0m [0m
                      [36m<span[39m
                        [33mclass[39m=[32m"opacity-70"[39m
                      [36m>[39m
                        [0mCOΓéée[0m
                      [36m</span>[39m
                    [36m</span>[39m
                  [36m</div>[39m
                  [36m<div[39m
                    [33mclass[39m=[32m"flex items-center gap-1.5 bg-slate-800/50 border border-slate-700/50 
text-slate-400 rounded-[6px] px-2.5 py-1"[39m
                  [36m>[39m
                    [36m<span[39m
                      [33maria-hidden[39m=[32m"true"[39m
                      [33mclass[39m=[32m"text-[10px]"[39m
                    [36m>[39m
                      [0mΓÅ▒[0m
                    [36m</span>[39m
                    [36m<span[39m
                      [33mclass[39m=[32m"text-xs font-medium"[39m
                    [36m>[39m
                      [0mAchievable within 30 days[0m
                    [36m</span>[39m
                  [36m</div>[39m
                [36m</div>[39m
              [36m</div>[39m
            [36m</div>[39m
          [36m</article>[39m
        [36m</li>[39m
      [36m</ol>[39m
      [36m<div[39m
        [33mclass[39m=[32m"flex justify-center pt-6"[39m
      [36m>[39m
        [36m<button[39m
          [33maria-label[39m=[32m"Save this carbon footprint snapshot to your history"[39m
          [33mclass[39m=[32m"
            flex items-center gap-2 text-sm text-slate-300 border border-slate-700 bg-slate-900/50
            px-6 py-2.5 rounded-[10px] hover:bg-slate-800 hover:text-slate-100 hover:border-slate-600
            focus:outline-none focus:ring-2 focus:ring-primary-500 focus:ring-offset-2 focus:ring-offset-slate-950
            transition-all duration-200
          "[39m
        [36m>[39m
          [36m<span[39m
            [33maria-hidden[39m=[32m"true"[39m
            [33mclass[39m=[32m"text-primary-400"[39m
          [36m>[39m
            [0mΓùÅ[0m
          [36m</span>[39m
          [0mCommit to History[0m
        [36m</button>[39m
      [36m</div>[39m
    [36m</section>[39m
  [36m</div>[39m
[36m</body>[39m
[90m [2mΓ¥»[22m Object.getElementError node_modules/@testing-library/dom/dist/config.js:[2m37:19[22m[39m
[90m [2mΓ¥»[22m node_modules/@testing-library/dom/dist/query-helpers.js:[2m76:38[22m[39m
[90m [2mΓ¥»[22m node_modules/@testing-library/dom/dist/query-helpers.js:[2m52:17[22m[39m
[90m [2mΓ¥»[22m node_modules/@testing-library/dom/dist/query-helpers.js:[2m95:19[22m[39m
[36m [2mΓ¥»[22m tests/InsightsList.test.tsx:[2m76:19[22m[39m
    [90m 74| [39m  [34mit[39m([32m'shows rule-based badge when source is rules'[39m[33m,[39m () [33m=>[39m {
    [90m 75| [39m    [34mrender[39m([33m<[39m[33mInsightsList[39m 
[33minsightsResponse[39m[33m=[39m[33m{[39mmockInsightsRules[33m}[39m [33m/[39m[33m>[39m)[33m;[39m
    [90m 76| [39m    [34mexpect[39m(screen[33m.[39m[34mgetByText[39m([36m/rule-based 
insights/i[39m))[33m.[39m[34mtoBeInTheDocument[39mΓÇª
    [90m   | [39m                  [31m^[39m
    [90m 77| [39m  })[33m;[39m
    [90m 78| [39m

[31m[2mΓÄ»ΓÄ»ΓÄ»ΓÄ»ΓÄ»ΓÄ»ΓÄ»ΓÄ»ΓÄ»ΓÄ»ΓÄ»ΓÄ»ΓÄ»ΓÄ»ΓÄ»ΓÄ»ΓÄ»ΓÄ»ΓÄ»ΓÄ»ΓÄ»ΓÄ»ΓÄ»ΓÄ»[2/3]ΓÄ»[22m[39m

[31m[1m[7m FAIL [27m[22m[39m tests/ResultsDisplay.test.tsx[2m > [22mResultsDisplay[2m > [22mrenders 
CategoryChart section heading
[31m[1mTestingLibraryElementError[22m[39m: Unable to find an accessible element with the role "heading" and name 
`/breakdown by category/i`

Here are the accessible roles:

  region:

  Name "Your Annual Carbon Footprint":
  [36m<section[39m
    [33maria-atomic[39m=[32m"true"[39m
    [33maria-labelledby[39m=[32m"results-heading"[39m
    [33maria-live[39m=[32m"polite"[39m
    [33mclass[39m=[32m"space-y-4 animate-slide-up"[39m
  [36m/>[39m

  --------------------------------------------------
  heading:

  Name "Your Annual Carbon Footprint":
  [36m<h2[39m
    [33mclass[39m=[32m"text-sm font-semibold text-slate-400 mb-4 tracking-[0.2em] uppercase"[39m
    [33mid[39m=[32m"results-heading"[39m
  [36m/>[39m

  Name "Benchmarks":
  [36m<h3[39m
    [33mclass[39m=[32m"text-sm font-semibold text-slate-300 flex items-center gap-2 tracking-wide uppercase"[39m
  [36m/>[39m

  Name "Category Analysis":
  [36m<h3[39m
    [33mclass[39m=[32m"text-sm font-semibold text-slate-300 mb-6 flex items-center gap-2 tracking-wide 
uppercase"[39m
  [36m/>[39m

  --------------------------------------------------
  progressbar:

  Name "vs Global Average: your footprint is 170% of the global average (4.0t/year)":
  [36m<div[39m
    [33maria-label[39m=[32m"vs Global Average: your footprint is 170% of the global average (4.0t/year)"[39m
    [33maria-valuemax[39m=[32m"200"[39m
    [33maria-valuemin[39m=[32m"0"[39m
    [33maria-valuenow[39m=[32m"170"[39m
    [33mclass[39m=[32m"relative w-full h-2 bg-slate-800 rounded-full overflow-hidden shadow-inner"[39m
    [33mid[39m=[32m"global-average-bar"[39m
    [33mrole[39m=[32m"progressbar"[39m
  [36m/>[39m

  Name "vs Paris 1.5┬░C Target: your footprint is 340% of the Paris climate target (2.0t/year)":
  [36m<div[39m
    [33maria-label[39m=[32m"vs Paris 1.5┬░C Target: your footprint is 340% of the Paris climate target 
(2.0t/year)"[39m
    [33maria-valuemax[39m=[32m"200"[39m
    [33maria-valuemin[39m=[32m"0"[39m
    [33maria-valuenow[39m=[32m"340"[39m
    [33mclass[39m=[32m"relative w-full h-2 bg-slate-800 rounded-full overflow-hidden shadow-inner"[39m
    [33mid[39m=[32m"paris-target-bar"[39m
    [33mrole[39m=[32m"progressbar"[39m
  [36m/>[39m

  --------------------------------------------------
  paragraph:

  Name "":
  [36m<p[39m
    [33mclass[39m=[32m"text-xs text-slate-400"[39m
  [36m/>[39m

  Name "":
  [36m<p[39m
    [33mclass[39m=[32m"text-xs text-slate-400"[39m
  [36m/>[39m

  Name "":
  [36m<p[39m
    [33mclass[39m=[32m"text-[10px] text-slate-500 pt-4 border-t border-slate-800/60 uppercase tracking-widest"[39m
  [36m/>[39m

  --------------------------------------------------
  img:

  Name "Bar chart showing annual carbon footprint broken down by category. A data table with the same information 
follows.":
  [36m<div[39m
    [33maria-label[39m=[32m"Bar chart showing annual carbon footprint broken down by category. A data table with 
the same information follows."[39m
    [33mclass[39m=[32m"w-full h-56"[39m
    [33mrole[39m=[32m"img"[39m
  [36m/>[39m

  --------------------------------------------------
  table:

  Name "Carbon footprint breakdown by category (annual kg COΓéée)":
  [36m<table[39m
    [33mclass[39m=[32m"sr-only"[39m
  [36m/>[39m

  --------------------------------------------------
  caption:

  Name "Carbon footprint breakdown by category (annual kg COΓéée)":
  [36m<caption />[39m

  --------------------------------------------------
  rowgroup:

  Name "":
  [36m<thead />[39m

  Name "":
  [36m<tbody />[39m

  --------------------------------------------------
  row:

  Name "Category kg COΓéée per year Percentage of total":
  [36m<tr />[39m

  Name "Transport 3000 44.1%":
  [36m<tr />[39m

  Name "Diet 2500 36.8%":
  [36m<tr />[39m

  Name "Home Energy 1300 19.1%":
  [36m<tr />[39m

  Name "Shopping & Goods 1000 14.7%":
  [36m<tr />[39m

  --------------------------------------------------
  columnheader:

  Name "Category":
  [36m<th[39m
    [33mscope[39m=[32m"col"[39m
  [36m/>[39m

  Name "kg COΓéée per year":
  [36m<th[39m
    [33mscope[39m=[32m"col"[39m
  [36m/>[39m

  Name "Percentage of total":
  [36m<th[39m
    [33mscope[39m=[32m"col"[39m
  [36m/>[39m

  --------------------------------------------------
  rowheader:

  Name "Transport":
  [36m<th[39m
    [33mscope[39m=[32m"row"[39m
  [36m/>[39m

  Name "Diet":
  [36m<th[39m
    [33mscope[39m=[32m"row"[39m
  [36m/>[39m

  Name "Home Energy":
  [36m<th[39m
    [33mscope[39m=[32m"row"[39m
  [36m/>[39m

  Name "Shopping & Goods":
  [36m<th[39m
    [33mscope[39m=[32m"row"[39m
  [36m/>[39m

  --------------------------------------------------
  cell:

  Name "3000":
  [36m<td />[39m

  Name "44.1%":
  [36m<td />[39m

  Name "2500":
  [36m<td />[39m

  Name "36.8%":
  [36m<td />[39m

  Name "1300":
  [36m<td />[39m

  Name "19.1%":
  [36m<td />[39m

  Name "1000":
  [36m<td />[39m

  Name "14.7%":
  [36m<td />[39m

  --------------------------------------------------
  button:

  Name "Get personalised carbon reduction insights powered by Google Gemini AI":
  [36m<button[39m
    [33maria-busy[39m=[32m"false"[39m
    [33maria-label[39m=[32m"Get personalised carbon reduction insights powered by Google Gemini AI"[39m
    [33mclass[39m=[32m"
                flex items-center gap-3 bg-primary-600 text-slate-50
                px-8 py-3 rounded-[10px] text-sm font-semibold tracking-wide
                hover:bg-primary-500 hover:shadow-[0_0_16px_rgba(16,185,129,0.3)] active:scale-95
                focus:outline-none focus:ring-2 focus:ring-primary-500 focus:ring-offset-2 focus:ring-offset-slate-950
                disabled:opacity-50 disabled:cursor-not-allowed disabled:hover:shadow-none disabled:active:scale-100
                transition-all duration-200 border border-primary-500/30 min-w-[280px] justify-center
              "[39m
  [36m/>[39m

  --------------------------------------------------

Ignored nodes: comments, script, style
[36m<body>[39m
  [36m<div>[39m
    [36m<section[39m
      [33maria-atomic[39m=[32m"true"[39m
      [33maria-labelledby[39m=[32m"results-heading"[39m
      [33maria-live[39m=[32m"polite"[39m
      [33mclass[39m=[32m"space-y-4 animate-slide-up"[39m
    [36m>[39m
      [36m<div[39m
        [33mclass[39m=[32m"grid grid-cols-1 lg:grid-cols-3 gap-4"[39m
      [36m>[39m
        [36m<div[39m
          [33mclass[39m=[32m"vercel-card lg:col-span-3 p-10 text-center relative overflow-hidden flex flex-col 
items-center justify-center min-h-[280px]"[39m
        [36m>[39m
          [36m<div[39m
            [33mclass[39m=[32m"absolute top-1/2 left-1/2 -translate-x-1/2 -translate-y-1/2 w-[400px] h-[400px] 
bg-primary-500/5 rounded-full blur-[80px] pointer-events-none"[39m
          [36m/>[39m
          [36m<div[39m
            [33mclass[39m=[32m"relative z-10"[39m
          [36m>[39m
            [36m<h2[39m
              [33mclass[39m=[32m"text-sm font-semibold text-slate-400 mb-4 tracking-[0.2em] uppercase"[39m
              [33mid[39m=[32m"results-heading"[39m
            [36m>[39m
              [0mYour Annual Carbon Footprint[0m
            [36m</h2>[39m
            [36m<div[39m
              [33mclass[39m=[32m"flex flex-col items-center justify-center gap-1 mb-6"[39m
            [36m>[39m
              [36m<span[39m
                [33mclass[39m=[32m"text-7xl sm:text-8xl font-black tabular-nums text-slate-50 tracking-tight"[39m
              [36m>[39m
                [0m6.8t[0m
              [36m</span>[39m
              [36m<span[39m
                [33mclass[39m=[32m"text-lg font-medium text-slate-500 mt-2 tracking-widest uppercase"[39m
              [36m>[39m
                [0mCOΓéée[0m
              [36m</span>[39m
            [36m</div>[39m
          [36m</div>[39m
          [36m<span[39m
            [33mclass[39m=[32m"inline-flex items-center px-4 py-1.5 rounded-md text-xs font-semibold uppercase 
tracking-wider bg-amber-500/10 text-amber-400 border border-amber-500/20"[39m
          [36m>[39m
            [0mHigh Impact[0m
          [36m</span>[39m
        [36m</div>[39m
        [36m<div[39m
          [33mclass[39m=[32m"vercel-card p-6 sm:p-8 space-y-8 flex flex-col justify-center"[39m
        [36m>[39m
          [36m<h3[39m
            [33mclass[39m=[32m"text-sm font-semibold text-slate-300 flex items-center gap-2 tracking-wide 
uppercase"[39m
          [36m>[39m
            [36m<span[39m
              [33maria-hidden[39m=[32m"true"[39m
              [33mclass[39m=[32m"text-slate-500"[39m
            [36m>[39m
              [0m≡ƒôè[0m
            [36m</span>[39m
            [0m Benchmarks[0m
          [36m</h3>[39m
          [36m<div[39m
            [33mclass[39m=[32m"space-y-1.5"[39m
          [36m>[39m
            [36m<div[39m
              [33mclass[39m=[32m"flex justify-between text-sm"[39m
            [36m>[39m
              [36m<span[39m
                [33mclass[39m=[32m"font-medium text-slate-300"[39m
              [36m>[39m
                [0mvs Global Average[0m
              [36m</span>[39m
              [36m<span[39m
                [33mclass[39m=[32m"font-bold text-slate-50 tabular-nums"[39m
              [36m>[39m
                [0m170[0m
                [0m%[0m
                [0m [0m
                [36m<span[39m
                  [33mclass[39m=[32m"font-normal text-slate-500"[39m
                [36m>[39m
                  [0mof [0m
                  [0m4.0t[0m
                [36m</span>[39m
              [36m</span>[39m
            [36m</div>[39m
            [36m<div[39m
              [33maria-label[39m=[32m"vs Global Average: your footprint is 170% of the global average 
(4.0t/year)"[39m
              [33maria-valuemax[39m=[32m"200"[39m
              [33maria-valuemin[39m=[32m"0"[39m
              [33maria-valuenow[39m=[32m"170"[39m
              [33mclass[39m=[32m"relative w-full h-2 bg-slate-800 rounded-full overflow-hidden shadow-inner"[39m
              [33mid[39m=[32m"global-average-bar"[39m
              [33mrole[39m=[32m"progressbar"[39m
            [36m>[39m
              [36m<div[39m
                [33mclass[39m=[32m"h-full rounded-full transition-all duration-700 bg-red-500"[39m
                [33mstyle[39m=[32m"width: 85%;"[39m
              [36m/>[39m
              [36m<div[39m
                [33maria-hidden[39m=[32m"true"[39m
                [33mclass[39m=[32m"absolute top-0 h-full w-px bg-slate-400 opacity-60 
shadow-[0_0_4px_rgba(255,255,255,0.5)]"[39m
                [33mstyle[39m=[32m"left: 50%;"[39m
              [36m/>[39m
            [36m</div>[39m
            [36m<p[39m
              [33mclass[39m=[32m"text-xs text-slate-400"[39m
            [36m>[39m
              [0mΓÜá∩╕Å You are 70% above the global average[0m
            [36m</p>[39m
          [36m</div>[39m
          [36m<div[39m
            [33mclass[39m=[32m"space-y-1.5"[39m
          [36m>[39m
            [36m<div[39m
              [33mclass[39m=[32m"flex justify-between text-sm"[39m
            [36m>[39m
              [36m<span[39m
                [33mclass[39m=[32m"font-medium text-slate-300"[39m
              [36m>[39m
                [0mvs Paris 1.5┬░C Target[0m
              [36m</span>[39m
              [36m<span[39m
                [33mclass[39m=[32m"font-bold text-slate-50 tabular-nums"[39m
              [36m>[39m
                [0m340[0m
                [0m%[0m
                [0m [0m
                [36m<span[39m
                  [33mclass[39m=[32m"font-normal text-slate-500"[39m
                [36m>[39m
                  [0mof [0m
                  [0m2.0t[0m
                [36m</span>[39m
              [36m</span>[39m
            [36m</div>[39m
            [36m<div[39m
              [33maria-label[39m=[32m"vs Paris 1.5┬░C Target: your footprint is 340% of the Paris climate target 
(2.0t/year)"[39m
              [33maria-valuemax[39m=[32m"200"[39m
              [33maria-valuemin[39m=[32m"0"[39m
              [33maria-valuenow[39m=[32m"340"[39m
              [33mclass[39m=[32m"relative w-full h-2 bg-slate-800 rounded-full overflow-hidden shadow-inner"[39m
              [33mid[39m=[32m"paris-target-bar"[39m
              [33mrole[39m=[32m"progressbar"[39m
            [36m>[39m
              [36m<div[39m
                [33mclass[39m=[32m"h-full rounded-full transition-all duration-700 bg-red-500"[39m
                [33mstyle[39m=[32m"width: 100%;"[39m
              [36m/>[39m
              [36m<div[39m
                [33maria-hidden[39m=[32m"true"[39m
                [33mclass[39m=[32m"absolute top-0 h-full w-px bg-slate-400 opacity-60 
shadow-[0_0_4px_rgba(255,255,255,0.5)]"[39m
                [33mstyle[39m=[32m"left: 50%;"[39m
              [36m/>[39m
            [36m</div>[39m
            [36m<p[39m
              [33mclass[39m=[32m"text-xs text-slate-400"[39m
            [36m>[39m
              [0mΓÜá∩╕Å You are 240% above the Paris climate target[0m
            [36m</p>[39m
          [36m</div>[39m
          [36m<p[39m
            [33mclass[39m=[32m"text-[10px] text-slate-500 pt-4 border-t border-slate-800/60 uppercase 
tracking-widest"[39m
          [36m>[39m
            [0mData: Our World in Data ┬╖ IPCC SR1.5[0m
          [36m</p>[39m
        [36m</div>[39m
        [36m<div[39m
          [33mclass[39m=[32m"vercel-card lg:col-span-2 p-6 sm:p-8 flex flex-col"[39m
        [36m>[39m
          [36m<h3[39m
            [33mclass[39m=[32m"text-sm font-semibold text-slate-300 mb-6 flex items-center gap-2 tracking-wide 
uppercase"[39m
          [36m>[39m
            [36m<span[39m
              [33maria-hidden[39m=[32m"true"[39m
              [33mclass[39m=[32m"text-slate-500"[39m
            [36m>[39m
              [0m≡ƒöì[0m
            [36m</span>[39m
            [0m Category Analysis[0m
          [36m</h3>[39m
          [36m<div[39m
            [33mclass[39m=[32m"flex-1 min-h-[200px]"[39m
          [36m>[39m
            [36m<div>[39m
              [36m<div[39m
                [33maria-label[39m=[32m"Bar chart showing annual carbon footprint broken down by category. A data 
table with the same information follows."[39m
                [33mclass[39m=[32m"w-full h-56"[39m
                [33mrole[39m=[32m"img"[39m
              [36m>[39m
                [36m<div[39m
                  [33mclass[39m=[32m"recharts-responsive-container"[39m
                  [33mstyle[39m=[32m"width: 100%; height: 100%; min-width: 0;"[39m
                [36m/>[39m
              [36m</div>[39m
              [36m<table[39m
                [33mclass[39m=[32m"sr-only"[39m
              [36m>[39m
                [36m<caption>[39m
                  [0mCarbon footprint breakdown by category (annual kg COΓéée)[0m
                [36m</caption>[39m
                [36m<thead>[39m
                  [36m<tr>[39m
                    [36m<th[39m
                      [33mscope[39m=[32m"col"[39m
                    [36m>[39m
                      [0mCategory[0m
                    [36m</th>[39m
                    [36m<th[39m
                      [33mscope[39m=[32m"col"[39m
                    [36m>[39m
                      [0mkg COΓéée per year[0m
                    [36m</th>[39m
                    [36m<th[39m
                      [33mscope[39m=[32m"col"[39m
                    [36m>[39m
                      [0mPercentage of total[0m
                    [36m</th>[39m
                  [36m</tr>[39m
                [36m</thead>[39m
                [36m<tbody>[39m
                  [36m<tr>[39m
                    [36m<th[39m
                      [33mscope[39m=[32m"row"[39m
                    [36m>[39m
                      [0mTransport[0m
                    [36m</th>[39m
                    [36m<td>[39m
                      [0m3000[0m
[2m Test Files [22m [1m[31m2 failed[39m[22m[2m | [22m[1m[32m4 passed[39m[22m[90m (6)[39m
[2m      Tests [22m [1m[31m3 failed[39m[22m[2m | [22m[1m[32m54 passed[39m[22m[90m (57)[39m
[2m   Start at [22m 06:38:14
[2m   Duration [22m 5.74s[2m (transform 530ms, setup 4.20s, collect 3.68s, tests 4.60s, environment 9.11s, prepare 2.15s)[22m

                    [36m</td>[39m
                    [36m<td>[39m
                      [0m44.1[0m
                      [0m%[0m
                    [36m</td>[39m
                  [36m</tr>[39m
                  [36m<tr>[39m
                    [36m<th[39m
                      [33mscope[39m=[32m"row"[39m
                    [36m>[39m
                      [0mDiet[0m
                    [36m</th>[39m
                    [36m<td>[39m
                      [0m2500[0m
                    [36m</td>[39m
                    [36m<td>[39m
                      [0m36.8[0m
                      [0m%[0m
                    [36m</td>[39m
                  [36m</tr>[39m
                  [36m<tr>[39m
                    [36m<th[39m
                      [33mscope[39m=[32m"row"[39m
                    [36m>[39m
                      [0mHome Energy[0m
                    [36m</th>[39m
                    [36m<td>[39m
                      [0m1300[0m
                    [36m</td>[39m
                    [36m<td>[39m
                      [0m19.1[0m
                      [0m%[0m
                    [36m</td>[39m
                  [36m</tr>[39m
                  [36m<tr>[39m
                    [36m<th[39m
                      [33mscope[39m=[32m"row"[39m
                    [36m>[39m
                      [0mShopping & Goods[0m
                    [36m</th>[39m
                    [36m<td>[39m
                      [0m1000[0m
                    [36m</td>[39m
                    [36m<td>[39m
                      [0m14.7[0m
                      [0m%[0m
                    [36m</td>[39m
                  [36m</tr>[39m
                [36m</tbody>[39m
              [36m</table>[39m
            [36m</div>[39m
          [36m</div>[39m
        [36m</div>[39m
      [36m</div>[39m
      [36m<div[39m
        [33mclass[39m=[32m"flex justify-center pt-4"[39m
      [36m>[39m
        [36m<button[39m
          [33maria-busy[39m=[32m"false"[39m
          [33maria-label[39m=[32m"Get personalised carbon reduction insights powered by Google Gemini AI"[39m
          [33mclass[39m=[32m"
              flex items-center gap-3 bg-primary-600 text-slate-50
              px-8 py-3 rounded-[10px] text-sm font-semibold tracking-wide
              hover:bg-primary-500 hover:shadow-[0_0_16px_rgba(16,185,129,0.3)] active:scale-95
              focus:outline-none focus:ring-2 focus:ring-primary-500 focus:ring-offset-2 focus:ring-offset-slate-950
              disabled:opacity-50 disabled:cursor-not-allowed disabled:hover:shadow-none disabled:active:scale-100
              transition-all duration-200 border border-primary-500/30 min-w-[280px] justify-center
            "[39m
        [36m>[39m
          [36m<span[39m
            [33maria-hidden[39m=[32m"true"[39m
            [33mclass[39m=[32m"text-primary-300"[39m
          [36m>[39m
            [0mΓÜí[0m
          [36m</span>[39m
          [0mGenerate AI Insights[0m
          [36m<span[39m
            [33mclass[39m=[32m"text-[10px] bg-slate-900/50 border border-slate-700/50 px-2 py-0.5 rounded-md 
text-primary-200"[39m
          [36m>[39m
            [0mGemini[0m
          [36m</span>[39m
        [36m</button>[39m
      [36m</div>[39m
    [36m</section>[39m
  [36m</div>[39m
[36m</body>[39m
[90m [2mΓ¥»[22m Object.getElementError node_modules/@testing-library/dom/dist/config.js:[2m37:19[22m[39m
[90m [2mΓ¥»[22m node_modules/@testing-library/dom/dist/query-helpers.js:[2m76:38[22m[39m
[90m [2mΓ¥»[22m node_modules/@testing-library/dom/dist/query-helpers.js:[2m52:17[22m[39m
[90m [2mΓ¥»[22m node_modules/@testing-library/dom/dist/query-helpers.js:[2m95:19[22m[39m
[36m [2mΓ¥»[22m tests/ResultsDisplay.test.tsx:[2m78:19[22m[39m
    [90m 76| [39m  [34mit[39m([32m'renders CategoryChart section heading'[39m[33m,[39m () [33m=>[39m {
    [90m 77| [39m    [34mrender[39m([33m<[39m[33mResultsDisplay[39m 
[33mresult[39m[33m=[39m[33m{[39mmockResult[33m}[39m [33m/[39m[33m>[39m)[33m;[39m
    [90m 78| [39m    [34mexpect[39m(screen[33m.[39m[34mgetByRole[39m([32m'heading'[39m[33m,[39m { 
name[33m:[39m [36m/breakdown by category/[39mΓÇª
    [90m   | [39m                  [31m^[39m
    [90m 79| [39m  })[33m;[39m
    [90m 80| [39m

[31m[2mΓÄ»ΓÄ»ΓÄ»ΓÄ»ΓÄ»ΓÄ»ΓÄ»ΓÄ»ΓÄ»ΓÄ»ΓÄ»ΓÄ»ΓÄ»ΓÄ»ΓÄ»ΓÄ»ΓÄ»ΓÄ»ΓÄ»ΓÄ»ΓÄ»ΓÄ»ΓÄ»ΓÄ»[3/3]ΓÄ»[22m[39m

